2024-06-22 12:37:51,157 19044 INFO ? odoo: Odoo version 17.0 
2024-06-22 12:37:51,157 19044 INFO ? odoo: Using configuration file at D:\Study\learning_odoo\conf\odoo.conf 
2024-06-22 12:37:51,157 19044 INFO ? odoo: addons paths: ['D:\\Study\\learning_odoo\\odoo\\addons', 'd:\\study\\learning_odoo\\data\\addons\\17.0', 'd:\\study\\learning_odoo\\addons', 'd:\\study\\learning_odoo\\custom_addons', 'd:\\study\\learning_odoo\\odoo\\addons', 'd:\\study\\learning_odoo\\my_addons'] 
2024-06-22 12:37:51,157 19044 INFO ? odoo: database: odoo_admin@localhost:5432 
2024-06-22 12:37:51,493 19044 INFO ? odoo.addons.base.models.ir_actions_report: You need Wkhtmltopdf to print a pdf version of the reports. 
2024-06-22 12:37:51,789 19044 INFO odoo_test odoo.modules.loading: loading 1 modules... 
2024-06-22 12:37:51,820 19044 INFO odoo_test odoo.modules.loading: 1 modules loaded in 0.03s, 0 queries (+0 extra) 
2024-06-22 12:37:51,838 19044 INFO odoo_test odoo.modules.loading: loading 12 modules... 
2024-06-22 12:37:51,960 19044 INFO odoo_test odoo.modules.loading: 12 modules loaded in 0.12s, 0 queries (+0 extra) 
2024-06-22 12:37:51,983 19044 INFO odoo_test odoo.modules.loading: Modules loaded. 
2024-06-22 12:37:51,986 19044 INFO odoo_test odoo.modules.registry: Registry loaded in 0.269s 
2024-06-22 12:37:52,565 19044 INFO ? odoo.service.server: HTTP service (werkzeug) running on Dmitriy-PC:8069 
2024-06-22 12:38:05,953 19044 INFO odoo_test odoo.addons.base.models.ir_http: Generating routing map for key None 
2024-06-22 12:38:05,980 19044 INFO odoo_test werkzeug: 127.0.0.1 - - [22/Jun/2024 12:38:05] "POST /web/webclient/version_info HTTP/1.1" 200 - 6 0.006 1.047
2024-06-22 12:38:05,986 19044 INFO odoo_test odoo.addons.base.models.ir_module: ALLOW access to module.button_immediate_install on ['mydemo'] to user admin #2 via 127.0.0.1 
2024-06-22 12:38:05,986 19044 INFO odoo_test odoo.addons.base.models.ir_module: User #2 triggered module installation 
2024-06-22 12:38:05,989 19044 INFO odoo_test odoo.addons.base.models.ir_module: ALLOW access to module.button_install on ['mydemo'] to user admin #2 via 127.0.0.1 
2024-06-22 12:38:05,997 19044 WARNING odoo_test odoo.modules.module: get_distribution() failed: not enough values to unpack (expected 1, got 0) 
2024-06-22 12:38:06,003 19044 WARNING odoo_test odoo.http: Unable to install module "mydemo" because an external dependency is not met: Error finding python library  
2024-06-22 12:38:06,004 19044 INFO odoo_test werkzeug: 127.0.0.1 - - [22/Jun/2024 12:38:06] "POST /web/dataset/call_button HTTP/1.1" 200 - 15 0.040 0.532
2024-06-22 12:38:08,819 19044 INFO odoo_test odoo.addons.base.models.ir_module: ALLOW access to module.button_immediate_install on ['mydemo'] to user admin #2 via 127.0.0.1 
2024-06-22 12:38:08,819 19044 INFO odoo_test odoo.addons.base.models.ir_module: User #2 triggered module installation 
2024-06-22 12:38:08,821 19044 INFO odoo_test odoo.addons.base.models.ir_module: ALLOW access to module.button_install on ['mydemo'] to user admin #2 via 127.0.0.1 
2024-06-22 12:38:08,826 19044 WARNING odoo_test odoo.modules.module: get_distribution() failed: not enough values to unpack (expected 1, got 0) 
2024-06-22 12:38:08,831 19044 WARNING odoo_test odoo.http: Unable to install module "mydemo" because an external dependency is not met: Error finding python library  
2024-06-22 12:38:08,831 19044 INFO odoo_test werkzeug: 127.0.0.1 - - [22/Jun/2024 12:38:08] "POST /web/dataset/call_button HTTP/1.1" 200 - 8 0.011 0.010
2024-06-22 12:38:21,994 19044 INFO odoo_test werkzeug: 127.0.0.1 - - [22/Jun/2024 12:38:21] "GET /websocket HTTP/1.1" 101 - 1 0.001 0.003
2024-06-22 12:38:22,001 19044 INFO ? odoo.addons.bus.models.bus: Bus.loop listen imbus on db postgres 
2024-06-22 12:38:52,219 19044 INFO odoo_test odoo.addons.base.models.ir_cron: Starting job `Base: Auto-vacuum internal data`. 
2024-06-22 12:38:52,268 19044 INFO odoo_test odoo.addons.base.models.ir_attachment: filestore gc 3 checked, 0 removed 
2024-06-22 12:38:52,320 19044 INFO odoo_test odoo.addons.base.models.res_users: GC'd 2 user log entries 
2024-06-22 12:38:52,353 19044 INFO odoo_test odoo.models.unlink: User #1 deleted base.module.update records with IDs: [4, 5, 6, 7, 8, 9, 10] 
2024-06-22 12:38:52,380 19044 INFO odoo_test odoo.addons.auth_totp.models.auth_totp: GC'd 0 totp devices entries 
2024-06-22 12:38:52,399 19044 INFO odoo_test odoo.addons.base.models.ir_cron: Job done: `Base: Auto-vacuum internal data` (0.179s). 
2024-06-22 12:38:52,405 19044 INFO odoo_test odoo.addons.base.models.ir_cron: Starting job `Base: Portal Users Deletion`. 
2024-06-22 12:38:52,412 19044 INFO odoo_test odoo.addons.base.models.ir_cron: Job done: `Base: Portal Users Deletion` (0.007s). 
2024-06-22 12:40:46,993 19044 INFO odoo_test odoo.service.server: Initiating shutdown 
2024-06-22 12:40:46,993 19044 INFO odoo_test odoo.service.server: Hit CTRL-C again or send a second signal to force the shutdown. 
2024-06-22 12:40:47,256 19044 INFO odoo_test odoo.sql_db: ConnectionPool(used=0/count=0/max=64): Closed 6 connections  
2024-06-22 12:42:05,844 38636 INFO ? odoo: Odoo version 17.0 
2024-06-22 12:42:05,844 38636 INFO ? odoo: Using configuration file at D:\Study\learning_odoo\conf\odoo.conf 
2024-06-22 12:42:05,844 38636 INFO ? odoo: addons paths: ['D:\\Study\\learning_odoo\\odoo\\addons', 'd:\\study\\learning_odoo\\data\\addons\\17.0', 'd:\\study\\learning_odoo\\addons', 'd:\\study\\learning_odoo\\custom_addons', 'd:\\study\\learning_odoo\\odoo\\addons', 'd:\\study\\learning_odoo\\my_addons'] 
2024-06-22 12:42:05,844 38636 INFO ? odoo: database: odoo_admin@localhost:5432 
2024-06-22 12:42:06,065 38636 INFO ? odoo.addons.base.models.ir_actions_report: You need Wkhtmltopdf to print a pdf version of the reports. 
2024-06-22 12:42:06,434 38636 INFO odoo_test odoo.modules.loading: loading 1 modules... 
2024-06-22 12:42:06,467 38636 INFO odoo_test odoo.modules.loading: 1 modules loaded in 0.03s, 0 queries (+0 extra) 
2024-06-22 12:42:06,484 38636 INFO odoo_test odoo.modules.loading: updating modules list 
2024-06-22 12:42:06,487 38636 INFO odoo_test odoo.addons.base.models.ir_module: ALLOW access to module.update_list on [] to user __system__ #1 via n/a 
2024-06-22 12:42:42,086 37236 INFO ? odoo: Odoo version 17.0 
2024-06-22 12:42:42,087 37236 INFO ? odoo: Using configuration file at D:\Study\learning_odoo\conf\odoo.conf 
2024-06-22 12:42:42,087 37236 INFO ? odoo: addons paths: ['D:\\Study\\learning_odoo\\odoo\\addons', 'd:\\study\\learning_odoo\\data\\addons\\17.0', 'd:\\study\\learning_odoo\\addons', 'd:\\study\\learning_odoo\\custom_addons', 'd:\\study\\learning_odoo\\odoo\\addons', 'd:\\study\\learning_odoo\\my_addons'] 
2024-06-22 12:42:42,087 37236 INFO ? odoo: database: odoo_admin@localhost:5432 
2024-06-22 12:42:42,307 37236 INFO ? odoo.addons.base.models.ir_actions_report: You need Wkhtmltopdf to print a pdf version of the reports. 
2024-06-22 12:42:42,612 37236 INFO odoo_test odoo.modules.loading: loading 1 modules... 
2024-06-22 12:42:42,644 37236 INFO odoo_test odoo.modules.loading: 1 modules loaded in 0.03s, 0 queries (+0 extra) 
2024-06-22 12:42:42,658 37236 INFO odoo_test odoo.modules.loading: updating modules list 
2024-06-22 12:42:42,661 37236 INFO odoo_test odoo.addons.base.models.ir_module: ALLOW access to module.update_list on [] to user __system__ #1 via n/a 
2024-06-22 12:42:43,396 37236 INFO ? odoo.service.server: HTTP service (werkzeug) running on Dmitriy-PC:8069 
2024-06-22 12:42:44,048 37236 INFO odoo_test odoo.modules.loading: loading 12 modules... 
2024-06-22 12:42:44,165 37236 INFO odoo_test odoo.modules.loading: 12 modules loaded in 0.12s, 0 queries (+0 extra) 
2024-06-22 12:42:44,397 37236 INFO odoo_test odoo.modules.loading: Modules loaded. 
2024-06-22 12:42:44,400 37236 INFO odoo_test odoo.modules.registry: Registry loaded in 1.852s 
2024-06-22 12:42:59,238 37236 INFO odoo_test odoo.service.server: Initiating shutdown 
2024-06-22 12:42:59,238 37236 INFO odoo_test odoo.service.server: Hit CTRL-C again or send a second signal to force the shutdown. 
2024-06-22 12:42:59,658 37236 INFO odoo_test odoo.sql_db: ConnectionPool(used=0/count=0/max=64): Closed 3 connections  
2024-06-22 12:44:09,417 19440 INFO ? odoo: Odoo version 17.0 
2024-06-22 12:44:09,417 19440 INFO ? odoo: Using configuration file at D:\Study\learning_odoo\conf\odoo.conf 
2024-06-22 12:44:09,417 19440 INFO ? odoo: addons paths: ['D:\\Study\\learning_odoo\\odoo\\addons', 'd:\\study\\learning_odoo\\data\\addons\\17.0', 'd:\\study\\learning_odoo\\addons', 'd:\\study\\learning_odoo\\custom_addons', 'd:\\study\\learning_odoo\\odoo\\addons', 'd:\\study\\learning_odoo\\my_addons'] 
2024-06-22 12:44:09,417 19440 INFO ? odoo: database: odoo_admin@localhost:5432 
2024-06-22 12:44:09,633 19440 INFO ? odoo.addons.base.models.ir_actions_report: You need Wkhtmltopdf to print a pdf version of the reports. 
2024-06-22 12:44:09,933 19440 INFO odoo_test odoo.modules.loading: loading 1 modules... 
2024-06-22 12:44:09,970 19440 INFO odoo_test odoo.modules.loading: 1 modules loaded in 0.04s, 0 queries (+0 extra) 
2024-06-22 12:44:09,986 19440 INFO odoo_test odoo.modules.loading: updating modules list 
2024-06-22 12:44:09,988 19440 INFO odoo_test odoo.addons.base.models.ir_module: ALLOW access to module.update_list on [] to user __system__ #1 via n/a 
2024-06-22 12:44:10,723 19440 INFO ? odoo.service.server: HTTP service (werkzeug) running on Dmitriy-PC:8069 
2024-06-22 12:44:11,547 19440 INFO odoo_test odoo.modules.loading: loading 12 modules... 
2024-06-22 12:44:11,668 19440 INFO odoo_test odoo.modules.loading: 12 modules loaded in 0.12s, 0 queries (+0 extra) 
2024-06-22 12:44:11,898 19440 INFO odoo_test odoo.modules.loading: Modules loaded. 
2024-06-22 12:44:11,901 19440 INFO odoo_test odoo.modules.registry: Registry loaded in 2.035s 
2024-06-22 12:44:12,384 19440 INFO odoo_test odoo.addons.base.models.ir_http: Generating routing map for key None 
2024-06-22 12:44:12,410 19440 INFO odoo_test odoo.addons.base.models.ir_module: ALLOW access to module.button_immediate_install on ['mydemo'] to user admin #2 via 127.0.0.1 
2024-06-22 12:44:12,410 19440 INFO odoo_test odoo.addons.base.models.ir_module: User #2 triggered module installation 
2024-06-22 12:44:12,412 19440 INFO odoo_test odoo.addons.base.models.ir_module: ALLOW access to module.button_install on ['mydemo'] to user admin #2 via 127.0.0.1 
2024-06-22 12:44:12,417 19440 WARNING odoo_test odoo.modules.module: get_distribution() failed: not enough values to unpack (expected 1, got 0) 
2024-06-22 12:44:12,423 19440 WARNING odoo_test odoo.http: Unable to install module "mydemo" because an external dependency is not met: Error finding python library  
2024-06-22 12:44:12,423 19440 INFO odoo_test werkzeug: 127.0.0.1 - - [22/Jun/2024 12:44:12] "POST /web/dataset/call_button HTTP/1.1" 200 - 19 0.011 0.108
2024-06-22 12:44:15,313 19440 INFO odoo_test werkzeug: 127.0.0.1 - - [22/Jun/2024 12:44:15] "POST /web/dataset/call_button HTTP/1.1" 200 - 1 0.001 0.002
2024-06-22 12:44:15,685 19440 INFO odoo_test werkzeug: 127.0.0.1 - - [22/Jun/2024 12:44:15] "POST /web/dataset/call_kw/ir.module.module/get_views HTTP/1.1" 200 - 44 0.019 0.023
2024-06-22 12:44:15,907 19440 INFO odoo_test werkzeug: 127.0.0.1 - - [22/Jun/2024 12:44:15] "POST /web/dataset/call_kw/ir.module.module/web_read HTTP/1.1" 200 - 11 0.005 0.010
2024-06-22 12:44:20,212 19440 INFO odoo_test odoo.addons.base.models.ir_module: ALLOW access to module.button_immediate_install on ['mydemo'] to user admin #2 via 127.0.0.1 
2024-06-22 12:44:20,212 19440 INFO odoo_test odoo.addons.base.models.ir_module: User #2 triggered module installation 
2024-06-22 12:44:20,213 19440 INFO odoo_test odoo.addons.base.models.ir_module: ALLOW access to module.button_install on ['mydemo'] to user admin #2 via 127.0.0.1 
2024-06-22 12:44:20,217 19440 WARNING odoo_test odoo.modules.module: get_distribution() failed: not enough values to unpack (expected 1, got 0) 
2024-06-22 12:44:20,220 19440 WARNING odoo_test odoo.http: Unable to install module "mydemo" because an external dependency is not met: Error finding python library  
2024-06-22 12:44:20,220 19440 INFO odoo_test werkzeug: 127.0.0.1 - - [22/Jun/2024 12:44:20] "POST /web/dataset/call_button HTTP/1.1" 200 - 8 0.001 0.011
2024-06-22 12:44:23,142 19440 INFO odoo_test odoo.service.server: Initiating shutdown 
2024-06-22 12:44:23,142 19440 INFO odoo_test odoo.service.server: Hit CTRL-C again or send a second signal to force the shutdown. 
2024-06-22 12:44:23,656 19440 INFO odoo_test odoo.sql_db: ConnectionPool(used=0/count=0/max=64): Closed 3 connections  
2024-06-22 12:44:55,559 12376 INFO ? odoo: Odoo version 17.0 
2024-06-22 12:44:55,560 12376 INFO ? odoo: Using configuration file at D:\Study\learning_odoo\conf\odoo.conf 
2024-06-22 12:44:55,560 12376 INFO ? odoo: addons paths: ['D:\\Study\\learning_odoo\\odoo\\addons', 'd:\\study\\learning_odoo\\data\\addons\\17.0', 'd:\\study\\learning_odoo\\addons', 'd:\\study\\learning_odoo\\custom_addons', 'd:\\study\\learning_odoo\\odoo\\addons', 'd:\\study\\learning_odoo\\my_addons'] 
2024-06-22 12:44:55,560 12376 INFO ? odoo: database: odoo_admin@localhost:5432 
2024-06-22 12:44:55,780 12376 INFO ? odoo.addons.base.models.ir_actions_report: You need Wkhtmltopdf to print a pdf version of the reports. 
2024-06-22 12:44:56,073 12376 INFO odoo_test odoo.modules.loading: loading 1 modules... 
2024-06-22 12:44:56,114 12376 INFO odoo_test odoo.modules.loading: 1 modules loaded in 0.04s, 0 queries (+0 extra) 
2024-06-22 12:44:56,132 12376 INFO odoo_test odoo.modules.loading: updating modules list 
2024-06-22 12:44:56,135 12376 INFO odoo_test odoo.addons.base.models.ir_module: ALLOW access to module.update_list on [] to user __system__ #1 via n/a 
2024-06-22 12:44:56,858 12376 INFO ? odoo.service.server: HTTP service (werkzeug) running on Dmitriy-PC:8069 
2024-06-22 12:44:57,661 12376 INFO odoo_test odoo.modules.loading: loading 12 modules... 
2024-06-22 12:44:57,777 12376 INFO odoo_test odoo.modules.loading: 12 modules loaded in 0.12s, 0 queries (+0 extra) 
2024-06-22 12:44:58,013 12376 INFO odoo_test odoo.modules.loading: Modules loaded. 
2024-06-22 12:44:58,015 12376 INFO odoo_test odoo.modules.registry: Registry loaded in 2.013s 
2024-06-22 12:44:58,129 12376 INFO odoo_test odoo.addons.base.models.ir_http: Generating routing map for key None 
2024-06-22 12:44:58,533 12376 INFO odoo_test werkzeug: 127.0.0.1 - - [22/Jun/2024 12:44:58] "GET /web HTTP/1.1" 200 - 69 0.029 1.456
2024-06-22 12:44:58,817 12376 INFO odoo_test werkzeug: 127.0.0.1 - - [22/Jun/2024 12:44:58] "GET /bus/websocket_worker_bundle?v=1.0.7 HTTP/1.1" 304 - 4 0.002 0.006
2024-06-22 12:44:58,867 12376 INFO odoo_test werkzeug: 127.0.0.1 - - [22/Jun/2024 12:44:58] "GET /web/image?model=res.users&field=avatar_128&id=2 HTTP/1.1" 304 - 16 0.009 0.022
2024-06-22 12:44:59,182 12376 INFO odoo_test werkzeug: 127.0.0.1 - - [22/Jun/2024 12:44:59] "GET /web/manifest.webmanifest HTTP/1.1" 200 - 7 0.005 0.007
2024-06-22 12:44:59,186 12376 INFO odoo_test werkzeug: 127.0.0.1 - - [22/Jun/2024 12:44:59] "GET /websocket HTTP/1.1" 101 - 1 0.001 0.003
2024-06-22 12:44:59,193 12376 INFO ? odoo.addons.bus.models.bus: Bus.loop listen imbus on db postgres 
2024-06-22 12:44:59,297 12376 INFO odoo_test werkzeug: 127.0.0.1 - - [22/Jun/2024 12:44:59] "POST /web/dataset/call_kw/ir.module.module/get_views HTTP/1.1" 200 - 42 0.011 0.118
2024-06-22 12:44:59,651 12376 INFO odoo_test werkzeug: 127.0.0.1 - - [22/Jun/2024 12:44:59] "POST /web/dataset/call_kw/ir.module.module/web_read HTTP/1.1" 200 - 13 0.013 0.018
2024-06-22 12:44:59,962 12376 INFO odoo_test werkzeug: 127.0.0.1 - - [22/Jun/2024 12:44:59] "GET /web/bundle/web_editor.backend_assets_wysiwyg?lang=en_US&debug=1 HTTP/1.1" 200 - 7 0.004 0.075
2024-06-22 12:45:00,485 12376 INFO odoo_test werkzeug: 127.0.0.1 - - [22/Jun/2024 12:45:00] "GET /web/service-worker.js HTTP/1.1" 200 - 1 0.000 0.003
2024-06-22 12:45:01,951 12376 INFO odoo_test odoo.addons.base.models.ir_module: ALLOW access to module.button_immediate_install on ['mydemo'] to user admin #2 via 127.0.0.1 
2024-06-22 12:45:01,951 12376 INFO odoo_test odoo.addons.base.models.ir_module: User #2 triggered module installation 
2024-06-22 12:45:01,953 12376 INFO odoo_test odoo.addons.base.models.ir_module: ALLOW access to module.button_install on ['mydemo'] to user admin #2 via 127.0.0.1 
2024-06-22 12:45:02,056 12376 INFO odoo_test odoo.modules.loading: loading 1 modules... 
2024-06-22 12:45:02,061 12376 INFO odoo_test odoo.modules.loading: 1 modules loaded in 0.00s, 0 queries (+0 extra) 
2024-06-22 12:45:02,076 12376 INFO odoo_test odoo.modules.loading: updating modules list 
2024-06-22 12:45:02,077 12376 INFO odoo_test odoo.addons.base.models.ir_module: ALLOW access to module.update_list on [] to user __system__ #1 via 127.0.0.1 
2024-06-22 12:45:02,602 12376 INFO odoo_test odoo.modules.loading: loading 12 modules... 
2024-06-22 12:45:02,607 12376 INFO odoo_test odoo.modules.loading: 12 modules loaded in 0.00s, 0 queries (+0 extra) 
2024-06-22 12:45:02,653 12376 WARNING odoo_test odoo.modules.graph: module mydemo: not installable, skipped 
2024-06-22 12:45:02,653 12376 INFO odoo_test odoo.modules.loading: loading 12 modules... 
2024-06-22 12:45:02,653 12376 INFO odoo_test odoo.modules.loading: 12 modules loaded in 0.00s, 0 queries (+0 extra) 
2024-06-22 12:45:02,685 12376 ERROR odoo_test odoo.modules.loading: Some modules have inconsistent states, some dependencies may be missing: ['mydemo'] 
2024-06-22 12:45:02,882 12376 INFO odoo_test odoo.modules.loading: Modules loaded. 
2024-06-22 12:45:02,884 12376 INFO odoo_test odoo.modules.registry: Registry loaded in 0.892s 
2024-06-22 12:45:02,885 12376 INFO odoo_test odoo.addons.base.models.ir_module: getting next ir.actions.todo() 
2024-06-22 12:45:02,891 12376 INFO odoo_test odoo.modules.registry: Registry changed, signaling through the database 
2024-06-22 12:45:02,893 12376 INFO odoo_test werkzeug: 127.0.0.1 - - [22/Jun/2024 12:45:02] "POST /web/dataset/call_button HTTP/1.1" 200 - 1618 0.593 0.357
2024-06-22 12:45:02,919 12376 INFO odoo_test odoo.addons.base.models.ir_http: Generating routing map for key None 
2024-06-22 12:45:03,263 12376 INFO odoo_test werkzeug: 127.0.0.1 - - [22/Jun/2024 12:45:03] "GET /web HTTP/1.1" 200 - 68 0.021 0.325
2024-06-22 12:45:03,391 12376 INFO odoo_test werkzeug: 127.0.0.1 - - [22/Jun/2024 12:45:03] "GET /bus/websocket_worker_bundle?v=1.0.7 HTTP/1.1" 304 - 4 0.003 0.007
2024-06-22 12:45:03,836 12376 INFO odoo_test werkzeug: 127.0.0.1 - - [22/Jun/2024 12:45:03] "GET /websocket HTTP/1.1" 101 - 1 0.000 0.105
2024-06-22 12:45:03,843 12376 INFO odoo_test werkzeug: 127.0.0.1 - - [22/Jun/2024 12:45:03] "GET /web/manifest.webmanifest HTTP/1.1" 200 - 7 0.006 0.107
2024-06-22 12:45:03,860 12376 INFO odoo_test werkzeug: 127.0.0.1 - - [22/Jun/2024 12:45:03] "POST /web/action/load HTTP/1.1" 200 - 10 0.021 0.109
2024-06-22 12:45:03,861 12376 INFO odoo_test werkzeug: 127.0.0.1 - - [22/Jun/2024 12:45:03] "GET /web/image?model=res.users&field=avatar_128&id=2 HTTP/1.1" 304 - 16 0.023 0.108
2024-06-22 12:45:04,026 12376 INFO odoo_test werkzeug: 127.0.0.1 - - [22/Jun/2024 12:45:04] "POST /web/dataset/call_kw/ir.module.module/get_views HTTP/1.1" 200 - 48 0.022 0.025
2024-06-22 12:45:04,202 12376 INFO odoo_test werkzeug: 127.0.0.1 - - [22/Jun/2024 12:45:04] "POST /web/dataset/call_kw/ir.module.module/search_panel_select_range HTTP/1.1" 200 - 1 0.001 0.002
2024-06-22 12:45:04,370 12376 INFO odoo_test werkzeug: 127.0.0.1 - - [22/Jun/2024 12:45:04] "POST /web/dataset/call_kw/ir.module.module/search_panel_select_range HTTP/1.1" 200 - 40 0.020 0.010
2024-06-22 12:45:04,417 12376 INFO odoo_test werkzeug: 127.0.0.1 - - [22/Jun/2024 12:45:04] "POST /web/dataset/call_kw/ir.module.module/web_search_read HTTP/1.1" 200 - 4 0.004 0.073
2024-06-22 12:45:04,806 12376 INFO odoo_test werkzeug: 127.0.0.1 - - [22/Jun/2024 12:45:04] "GET /web_theme_classic/static/description/icon.png HTTP/1.1" 404 - 2 0.002 0.002
2024-06-22 12:45:06,575 12376 INFO odoo_test werkzeug: 127.0.0.1 - - [22/Jun/2024 12:45:06] "POST /web/dataset/call_kw/ir.module.module/search_panel_select_range HTTP/1.1" 200 - 38 0.021 0.006
2024-06-22 12:45:06,616 12376 INFO odoo_test werkzeug: 127.0.0.1 - - [22/Jun/2024 12:45:06] "POST /web/dataset/call_kw/ir.module.module/web_search_read HTTP/1.1" 200 - 4 0.005 0.063
2024-06-22 12:45:06,802 12376 INFO odoo_test werkzeug: 127.0.0.1 - - [22/Jun/2024 12:45:06] "GET /web_theme_classic/static/description/icon.png HTTP/1.1" 404 - 2 0.002 0.002
2024-06-22 12:45:06,808 12376 INFO odoo_test werkzeug: 127.0.0.1 - - [22/Jun/2024 12:45:06] "GET /web_responsive/static/description/icon.png HTTP/1.1" 404 - 2 0.001 0.002
2024-06-22 12:45:07,082 12376 INFO odoo_test werkzeug: 127.0.0.1 - - [22/Jun/2024 12:45:07] "GET /web/service-worker.js HTTP/1.1" 200 - 1 0.000 0.003
2024-06-22 12:45:09,296 12376 INFO odoo_test werkzeug: 127.0.0.1 - - [22/Jun/2024 12:45:09] "POST /web/dataset/call_kw/ir.module.module/search_panel_select_range HTTP/1.1" 200 - 38 0.020 0.018
2024-06-22 12:45:09,622 12376 INFO odoo_test werkzeug: 127.0.0.1 - - [22/Jun/2024 12:45:09] "POST /web/dataset/call_kw/ir.module.module/web_search_read HTTP/1.1" 200 - 3 0.003 0.009
2024-06-22 12:45:14,288 12376 INFO odoo_test werkzeug: 127.0.0.1 - - [22/Jun/2024 12:45:14] "POST /web/dataset/call_kw/ir.module.module/search_panel_select_range HTTP/1.1" 200 - 38 0.013 0.011
2024-06-22 12:45:14,633 12376 INFO odoo_test werkzeug: 127.0.0.1 - - [22/Jun/2024 12:45:14] "POST /web/dataset/call_kw/ir.module.module/web_search_read HTTP/1.1" 200 - 4 0.004 0.052
2024-06-22 12:45:15,097 12376 INFO odoo_test werkzeug: 127.0.0.1 - - [22/Jun/2024 12:45:15] "GET /web_responsive/static/description/icon.png HTTP/1.1" 404 - 2 0.001 0.002
2024-06-22 12:45:15,098 12376 INFO odoo_test werkzeug: 127.0.0.1 - - [22/Jun/2024 12:45:15] "GET /web_theme_classic/static/description/icon.png HTTP/1.1" 404 - 2 0.001 0.003
2024-06-22 12:52:00,776 12376 INFO odoo_test werkzeug: 127.0.0.1 - - [22/Jun/2024 12:52:00] "GET /web HTTP/1.1" 200 - 9 0.003 0.012
2024-06-22 12:52:01,118 12376 INFO odoo_test werkzeug: 127.0.0.1 - - [22/Jun/2024 12:52:01] "GET /bus/websocket_worker_bundle?v=1.0.7 HTTP/1.1" 304 - 3 0.004 0.011
2024-06-22 12:52:01,118 12376 INFO odoo_test werkzeug: 127.0.0.1 - - [22/Jun/2024 12:52:01] "POST /web/action/load HTTP/1.1" 200 - 9 0.011 0.008
2024-06-22 12:52:01,474 12376 INFO odoo_test werkzeug: 127.0.0.1 - - [22/Jun/2024 12:52:01] "GET /web/image?model=res.users&field=avatar_128&id=2 HTTP/1.1" 304 - 9 0.004 0.010
2024-06-22 12:52:01,495 12376 INFO odoo_test werkzeug: 127.0.0.1 - - [22/Jun/2024 12:52:01] "POST /web/dataset/call_kw/ir.module.module/get_views HTTP/1.1" 200 - 2 0.002 0.016
2024-06-22 12:52:01,505 12376 INFO odoo_test werkzeug: 127.0.0.1 - - [22/Jun/2024 12:52:01] "GET /web/manifest.webmanifest HTTP/1.1" 200 - 5 0.015 0.009
2024-06-22 12:52:01,510 12376 INFO odoo_test werkzeug: 127.0.0.1 - - [22/Jun/2024 12:52:01] "GET /websocket HTTP/1.1" 101 - 1 0.001 0.011
2024-06-22 12:52:01,741 12376 INFO odoo_test werkzeug: 127.0.0.1 - - [22/Jun/2024 12:52:01] "POST /web/dataset/call_kw/ir.module.module/search_panel_select_range HTTP/1.1" 200 - 1 0.001 0.010
2024-06-22 12:52:01,868 12376 INFO odoo_test werkzeug: 127.0.0.1 - - [22/Jun/2024 12:52:01] "POST /web/dataset/call_kw/ir.module.module/search_panel_select_range HTTP/1.1" 200 - 38 0.029 0.014
2024-06-22 12:52:01,895 12376 INFO odoo_test werkzeug: 127.0.0.1 - - [22/Jun/2024 12:52:01] "POST /web/dataset/call_kw/ir.module.module/web_search_read HTTP/1.1" 200 - 3 0.006 0.063
2024-06-22 12:52:02,109 12376 INFO odoo_test werkzeug: 127.0.0.1 - - [22/Jun/2024 12:52:02] "GET /web_theme_classic/static/description/icon.png HTTP/1.1" 404 - 2 0.002 0.002
2024-06-22 12:52:04,022 12376 INFO odoo_test werkzeug: 127.0.0.1 - - [22/Jun/2024 12:52:04] "GET /web/service-worker.js HTTP/1.1" 200 - 1 0.001 0.003
2024-06-22 12:52:16,844 12376 INFO odoo_test werkzeug: 127.0.0.1 - - [22/Jun/2024 12:52:16] "POST /web/dataset/call_kw/ir.module.module/search_panel_select_range HTTP/1.1" 200 - 38 0.009 0.013
2024-06-22 12:52:17,191 12376 INFO odoo_test werkzeug: 127.0.0.1 - - [22/Jun/2024 12:52:17] "POST /web/dataset/call_kw/ir.module.module/web_search_read HTTP/1.1" 200 - 4 0.004 0.051
2024-06-22 12:52:17,656 12376 INFO odoo_test werkzeug: 127.0.0.1 - - [22/Jun/2024 12:52:17] "GET /web_theme_classic/static/description/icon.png HTTP/1.1" 404 - 2 0.002 0.003
2024-06-22 12:52:17,657 12376 INFO odoo_test werkzeug: 127.0.0.1 - - [22/Jun/2024 12:52:17] "GET /web_responsive/static/description/icon.png HTTP/1.1" 404 - 2 0.002 0.004
2024-06-22 12:52:20,084 12376 INFO odoo_test werkzeug: 127.0.0.1 - - [22/Jun/2024 12:52:20] "POST /web/dataset/call_kw/ir.module.module/search_panel_select_range HTTP/1.1" 200 - 38 0.025 0.013
2024-06-22 12:52:20,410 12376 INFO odoo_test werkzeug: 127.0.0.1 - - [22/Jun/2024 12:52:20] "POST /web/dataset/call_kw/ir.module.module/web_search_read HTTP/1.1" 200 - 3 0.004 0.009
2024-06-22 12:52:26,455 12376 INFO odoo_test werkzeug: 127.0.0.1 - - [22/Jun/2024 12:52:26] "POST /web/dataset/call_button HTTP/1.1" 200 - 1 0.000 0.002
2024-06-22 12:52:26,780 12376 INFO odoo_test werkzeug: 127.0.0.1 - - [22/Jun/2024 12:52:26] "POST /web/dataset/call_kw/ir.module.module/get_views HTTP/1.1" 200 - 6 0.002 0.008
2024-06-22 12:52:27,051 12376 INFO odoo_test werkzeug: 127.0.0.1 - - [22/Jun/2024 12:52:27] "POST /web/dataset/call_kw/ir.module.module/web_read HTTP/1.1" 200 - 12 0.004 0.011
2024-06-22 12:52:27,170 12376 INFO odoo_test werkzeug: 127.0.0.1 - - [22/Jun/2024 12:52:27] "GET /web/bundle/web_editor.backend_assets_wysiwyg?lang=en_US&debug=1 HTTP/1.1" 200 - 7 0.001 0.073
2024-06-22 12:52:27,401 12376 INFO odoo_test werkzeug: 127.0.0.1 - - [22/Jun/2024 12:52:27] "GET /web/image?model=ir.module.module&id=593&field=icon_image&unique=1719060301000 HTTP/1.1" 200 - 3 0.001 0.006
2024-06-22 12:54:34,926 12376 INFO odoo_test werkzeug: 127.0.0.1 - - [22/Jun/2024 12:54:34] "GET /web HTTP/1.1" 200 - 9 0.002 0.008
2024-06-22 12:54:35,225 12376 INFO odoo_test werkzeug: 127.0.0.1 - - [22/Jun/2024 12:54:35] "GET /bus/websocket_worker_bundle?v=1.0.7 HTTP/1.1" 304 - 3 0.003 0.004
2024-06-22 12:54:35,352 12376 INFO odoo_test werkzeug: 127.0.0.1 - - [22/Jun/2024 12:54:35] "GET /web/image?model=res.users&field=avatar_128&id=2 HTTP/1.1" 304 - 9 0.009 0.095
2024-06-22 12:54:35,598 12376 INFO odoo_test werkzeug: 127.0.0.1 - - [22/Jun/2024 12:54:35] "POST /web/dataset/call_kw/ir.module.module/get_views HTTP/1.1" 200 - 2 0.002 0.009
2024-06-22 12:54:35,598 12376 INFO odoo_test werkzeug: 127.0.0.1 - - [22/Jun/2024 12:54:35] "GET /web/manifest.webmanifest HTTP/1.1" 200 - 5 0.005 0.005
2024-06-22 12:54:35,598 12376 INFO odoo_test werkzeug: 127.0.0.1 - - [22/Jun/2024 12:54:35] "GET /websocket HTTP/1.1" 101 - 1 0.001 0.010
2024-06-22 12:54:35,928 12376 INFO odoo_test werkzeug: 127.0.0.1 - - [22/Jun/2024 12:54:35] "POST /web/dataset/call_kw/ir.module.module/web_read HTTP/1.1" 200 - 10 0.005 0.009
2024-06-22 12:54:36,182 12376 INFO odoo_test werkzeug: 127.0.0.1 - - [22/Jun/2024 12:54:36] "GET /web/bundle/web_editor.backend_assets_wysiwyg?lang=en_US&debug=1 HTTP/1.1" 200 - 1 0.001 0.003
2024-06-22 12:54:37,183 12376 INFO odoo_test werkzeug: 127.0.0.1 - - [22/Jun/2024 12:54:37] "GET /web/service-worker.js HTTP/1.1" 200 - 1 0.001 0.002
2024-06-22 13:02:17,070 12376 INFO odoo_test odoo.service.server: Initiating shutdown 
2024-06-22 13:02:17,070 12376 INFO odoo_test odoo.service.server: Hit CTRL-C again or send a second signal to force the shutdown. 
2024-06-22 13:02:17,379 12376 INFO odoo_test odoo.sql_db: ConnectionPool(used=0/count=0/max=64): Closed 6 connections  
2024-06-22 13:42:41,444 33588 INFO ? odoo: Odoo version 17.0 
2024-06-22 13:42:41,445 33588 INFO ? odoo: Using configuration file at D:\Study\learning_odoo\conf\odoo.conf 
2024-06-22 13:42:41,445 33588 INFO ? odoo: addons paths: ['D:\\Study\\learning_odoo\\odoo\\addons', 'd:\\study\\learning_odoo\\data\\addons\\17.0', 'd:\\study\\learning_odoo\\addons', 'd:\\study\\learning_odoo\\custom_addons', 'd:\\study\\learning_odoo\\odoo\\addons', 'd:\\study\\learning_odoo\\my_addons'] 
2024-06-22 13:42:41,445 33588 INFO ? odoo: database: odoo_admin@localhost:5432 
2024-06-22 13:42:41,910 33588 INFO ? odoo.addons.base.models.ir_actions_report: You need Wkhtmltopdf to print a pdf version of the reports. 
2024-06-22 13:42:42,645 33588 INFO odoo_test odoo.modules.loading: loading 1 modules... 
2024-06-22 13:42:42,678 33588 INFO odoo_test odoo.modules.loading: 1 modules loaded in 0.03s, 0 queries (+0 extra) 
2024-06-22 13:42:42,701 33588 INFO odoo_test odoo.modules.loading: updating modules list 
2024-06-22 13:42:42,708 33588 INFO odoo_test odoo.addons.base.models.ir_module: ALLOW access to module.update_list on [] to user __system__ #1 via n/a 
2024-06-22 13:42:43,368 33588 INFO ? odoo.service.server: HTTP service (werkzeug) running on Dmitriy-PC:8069 
2024-06-22 13:42:44,829 33588 INFO odoo_test odoo.modules.loading: loading 12 modules... 
2024-06-22 13:42:45,066 33588 INFO odoo_test odoo.modules.loading: 12 modules loaded in 0.24s, 0 queries (+0 extra) 
2024-06-22 13:42:45,067 33588 INFO odoo_test odoo.modules.loading: loading 13 modules... 
2024-06-22 13:42:45,067 33588 INFO odoo_test odoo.modules.loading: Loading module mydemo (2/13) 
2024-06-22 13:42:45,099 33588 INFO odoo_test odoo.modules.registry: module mydemo: creating or updating database tables 
2024-06-22 13:42:45,254 33588 INFO odoo_test odoo.modules.loading: loading mydemo/views/my_demo_views.xml 
2024-06-22 13:42:45,309 33588 WARNING odoo_test odoo.modules.loading: Transient module states were reset 
2024-06-22 13:42:45,311 33588 ERROR odoo_test odoo.modules.registry: Failed to load registry 
Traceback (most recent call last):
  File "D:\Study\learning_odoo\odoo\tools\cache.py", line 99, in lookup
    r = d[key]
        ~^^^^^
  File "<decorator-gen-5>", line 2, in __getitem__
  File "D:\Study\learning_odoo\odoo\tools\func.py", line 87, in locked
    return func(inst, *args, **kwargs)
           ^^^^^^^^^^^^^^^^^^^^^^^^^^^
  File "D:\Study\learning_odoo\odoo\tools\lru.py", line 34, in __getitem__
    a = self.d[obj]
        ~~~~~~^^^^^
KeyError: ('ir.model.data', <function IrModelData._xmlid_lookup at 0x00000298F5586CA0>, 'mydemo.my_demo_menu')

During handling of the above exception, another exception occurred:

Traceback (most recent call last):
  File "D:\Study\learning_odoo\odoo\tools\convert.py", line 556, in _tag_root
    f(rec)
  File "D:\Study\learning_odoo\odoo\tools\convert.py", line 299, in _tag_menuitem
    values['parent_id'] = self.id_get(rec.attrib['parent'])
                          ^^^^^^^^^^^^^^^^^^^^^^^^^^^^^^^^^
  File "D:\Study\learning_odoo\odoo\tools\convert.py", line 538, in id_get
    res = self.model_id_get(id_str, raise_if_not_found)
          ^^^^^^^^^^^^^^^^^^^^^^^^^^^^^^^^^^^^^^^^^^^^^
  File "D:\Study\learning_odoo\odoo\tools\convert.py", line 544, in model_id_get
    return self.env['ir.model.data']._xmlid_to_res_model_res_id(id_str, raise_if_not_found=raise_if_not_found)
           ^^^^^^^^^^^^^^^^^^^^^^^^^^^^^^^^^^^^^^^^^^^^^^^^^^^^^^^^^^^^^^^^^^^^^^^^^^^^^^^^^^^^^^^^^^^^^^^^^^^
  File "D:\Study\learning_odoo\odoo\addons\base\models\ir_model.py", line 2187, in _xmlid_to_res_model_res_id
    return self._xmlid_lookup(xmlid)
           ^^^^^^^^^^^^^^^^^^^^^^^^^
  File "<decorator-gen-43>", line 2, in _xmlid_lookup
  File "D:\Study\learning_odoo\odoo\tools\cache.py", line 104, in lookup
    value = d[key] = self.method(*args, **kwargs)
                     ^^^^^^^^^^^^^^^^^^^^^^^^^^^^
  File "D:\Study\learning_odoo\odoo\addons\base\models\ir_model.py", line 2180, in _xmlid_lookup
    raise ValueError('External ID not found in the system: %s' % xmlid)
ValueError: External ID not found in the system: mydemo.my_demo_menu

The above exception was the direct cause of the following exception:

Traceback (most recent call last):
  File "D:\Study\learning_odoo\odoo\modules\registry.py", line 113, in new
    odoo.modules.load_modules(registry, force_demo, status, update_module)
  File "D:\Study\learning_odoo\odoo\modules\loading.py", line 480, in load_modules
    processed_modules += load_marked_modules(env, graph,
                         ^^^^^^^^^^^^^^^^^^^^^^^^^^^^^^^
  File "D:\Study\learning_odoo\odoo\modules\loading.py", line 364, in load_marked_modules
    loaded, processed = load_module_graph(
                        ^^^^^^^^^^^^^^^^^^
  File "D:\Study\learning_odoo\odoo\modules\loading.py", line 227, in load_module_graph
    load_data(env, idref, mode, kind='data', package=package)
  File "D:\Study\learning_odoo\odoo\modules\loading.py", line 71, in load_data
    tools.convert_file(env, package.name, filename, idref, mode, noupdate, kind)
  File "D:\Study\learning_odoo\odoo\tools\convert.py", line 627, in convert_file
    convert_xml_import(env, module, fp, idref, mode, noupdate)
  File "D:\Study\learning_odoo\odoo\tools\convert.py", line 693, in convert_xml_import
    obj.parse(doc.getroot())
  File "D:\Study\learning_odoo\odoo\tools\convert.py", line 613, in parse
    self._tag_root(de)
  File "D:\Study\learning_odoo\odoo\tools\convert.py", line 569, in _tag_root
    raise ParseError('while parsing %s:%s, somewhere inside\n%s' % (
odoo.tools.convert.ParseError: while parsing file:/d:/study/learning_odoo/my_addons/mydemo/views/my_demo_views.xml:40, somewhere inside
<menuitem id="my_demo_menu" name="My Demo" parent="my_demo_menu" action="kw_my_demo_act_window" sequence="200"/>
2024-06-22 13:42:45,330 33588 CRITICAL odoo_test odoo.service.server: Failed to initialize database `odoo_test`. 
Traceback (most recent call last):
  File "D:\Study\learning_odoo\odoo\tools\cache.py", line 99, in lookup
    r = d[key]
        ~^^^^^
  File "<decorator-gen-5>", line 2, in __getitem__
  File "D:\Study\learning_odoo\odoo\tools\func.py", line 87, in locked
    return func(inst, *args, **kwargs)
           ^^^^^^^^^^^^^^^^^^^^^^^^^^^
  File "D:\Study\learning_odoo\odoo\tools\lru.py", line 34, in __getitem__
    a = self.d[obj]
        ~~~~~~^^^^^
KeyError: ('ir.model.data', <function IrModelData._xmlid_lookup at 0x00000298F5586CA0>, 'mydemo.my_demo_menu')

During handling of the above exception, another exception occurred:

Traceback (most recent call last):
  File "D:\Study\learning_odoo\odoo\tools\convert.py", line 556, in _tag_root
    f(rec)
  File "D:\Study\learning_odoo\odoo\tools\convert.py", line 299, in _tag_menuitem
    values['parent_id'] = self.id_get(rec.attrib['parent'])
                          ^^^^^^^^^^^^^^^^^^^^^^^^^^^^^^^^^
  File "D:\Study\learning_odoo\odoo\tools\convert.py", line 538, in id_get
    res = self.model_id_get(id_str, raise_if_not_found)
          ^^^^^^^^^^^^^^^^^^^^^^^^^^^^^^^^^^^^^^^^^^^^^
  File "D:\Study\learning_odoo\odoo\tools\convert.py", line 544, in model_id_get
    return self.env['ir.model.data']._xmlid_to_res_model_res_id(id_str, raise_if_not_found=raise_if_not_found)
           ^^^^^^^^^^^^^^^^^^^^^^^^^^^^^^^^^^^^^^^^^^^^^^^^^^^^^^^^^^^^^^^^^^^^^^^^^^^^^^^^^^^^^^^^^^^^^^^^^^^
  File "D:\Study\learning_odoo\odoo\addons\base\models\ir_model.py", line 2187, in _xmlid_to_res_model_res_id
    return self._xmlid_lookup(xmlid)
           ^^^^^^^^^^^^^^^^^^^^^^^^^
  File "<decorator-gen-43>", line 2, in _xmlid_lookup
  File "D:\Study\learning_odoo\odoo\tools\cache.py", line 104, in lookup
    value = d[key] = self.method(*args, **kwargs)
                     ^^^^^^^^^^^^^^^^^^^^^^^^^^^^
  File "D:\Study\learning_odoo\odoo\addons\base\models\ir_model.py", line 2180, in _xmlid_lookup
    raise ValueError('External ID not found in the system: %s' % xmlid)
ValueError: External ID not found in the system: mydemo.my_demo_menu

The above exception was the direct cause of the following exception:

Traceback (most recent call last):
  File "D:\Study\learning_odoo\odoo\service\server.py", line 1313, in preload_registries
    registry = Registry.new(dbname, update_module=update_module)
               ^^^^^^^^^^^^^^^^^^^^^^^^^^^^^^^^^^^^^^^^^^^^^^^^^
  File "<decorator-gen-16>", line 2, in new
  File "D:\Study\learning_odoo\odoo\tools\func.py", line 87, in locked
    return func(inst, *args, **kwargs)
           ^^^^^^^^^^^^^^^^^^^^^^^^^^^
  File "D:\Study\learning_odoo\odoo\modules\registry.py", line 113, in new
    odoo.modules.load_modules(registry, force_demo, status, update_module)
  File "D:\Study\learning_odoo\odoo\modules\loading.py", line 480, in load_modules
    processed_modules += load_marked_modules(env, graph,
                         ^^^^^^^^^^^^^^^^^^^^^^^^^^^^^^^
  File "D:\Study\learning_odoo\odoo\modules\loading.py", line 364, in load_marked_modules
    loaded, processed = load_module_graph(
                        ^^^^^^^^^^^^^^^^^^
  File "D:\Study\learning_odoo\odoo\modules\loading.py", line 227, in load_module_graph
    load_data(env, idref, mode, kind='data', package=package)
  File "D:\Study\learning_odoo\odoo\modules\loading.py", line 71, in load_data
    tools.convert_file(env, package.name, filename, idref, mode, noupdate, kind)
  File "D:\Study\learning_odoo\odoo\tools\convert.py", line 627, in convert_file
    convert_xml_import(env, module, fp, idref, mode, noupdate)
  File "D:\Study\learning_odoo\odoo\tools\convert.py", line 693, in convert_xml_import
    obj.parse(doc.getroot())
  File "D:\Study\learning_odoo\odoo\tools\convert.py", line 613, in parse
    self._tag_root(de)
  File "D:\Study\learning_odoo\odoo\tools\convert.py", line 569, in _tag_root
    raise ParseError('while parsing %s:%s, somewhere inside\n%s' % (
odoo.tools.convert.ParseError: while parsing file:/d:/study/learning_odoo/my_addons/mydemo/views/my_demo_views.xml:40, somewhere inside
<menuitem id="my_demo_menu" name="My Demo" parent="my_demo_menu" action="kw_my_demo_act_window" sequence="200"/>
2024-06-22 13:42:59,028 33588 INFO odoo_test odoo.modules.loading: loading 1 modules... 
2024-06-22 13:42:59,034 33588 INFO odoo_test odoo.modules.loading: 1 modules loaded in 0.01s, 0 queries (+0 extra) 
2024-06-22 13:42:59,037 33588 INFO odoo_test odoo.modules.loading: loading 12 modules... 
2024-06-22 13:42:59,041 33588 INFO odoo_test odoo.modules.loading: 12 modules loaded in 0.00s, 0 queries (+0 extra) 
2024-06-22 13:42:59,060 33588 INFO odoo_test odoo.modules.loading: Modules loaded. 
2024-06-22 13:42:59,071 33588 INFO odoo_test odoo.modules.registry: Registry loaded in 0.049s 
2024-06-22 13:42:59,073 33588 INFO odoo_test odoo.addons.base.models.ir_http: Generating routing map for key None 
2024-06-22 13:42:59,124 33588 INFO odoo_test werkzeug: 127.0.0.1 - - [22/Jun/2024 13:42:59] "GET /websocket HTTP/1.1" 101 - 22 0.035 0.084
2024-06-22 13:42:59,136 33588 INFO ? odoo.addons.bus.models.bus: Bus.loop listen imbus on db postgres 
2024-06-22 13:43:13,671 33588 INFO odoo_test odoo.service.server: Initiating shutdown 
2024-06-22 13:43:13,671 33588 INFO odoo_test odoo.service.server: Hit CTRL-C again or send a second signal to force the shutdown. 
2024-06-22 13:43:13,861 33588 INFO odoo_test odoo.sql_db: ConnectionPool(used=0/count=0/max=64): Closed 4 connections  
2024-06-22 13:43:18,193 31328 INFO ? odoo: Odoo version 17.0 
2024-06-22 13:43:18,193 31328 INFO ? odoo: Using configuration file at D:\Study\learning_odoo\conf\odoo.conf 
2024-06-22 13:43:18,194 31328 INFO ? odoo: addons paths: ['D:\\Study\\learning_odoo\\odoo\\addons', 'd:\\study\\learning_odoo\\data\\addons\\17.0', 'd:\\study\\learning_odoo\\addons', 'd:\\study\\learning_odoo\\custom_addons', 'd:\\study\\learning_odoo\\odoo\\addons', 'd:\\study\\learning_odoo\\my_addons'] 
2024-06-22 13:43:18,194 31328 INFO ? odoo: database: odoo_admin@localhost:5432 
2024-06-22 13:43:18,442 31328 INFO ? odoo.addons.base.models.ir_actions_report: You need Wkhtmltopdf to print a pdf version of the reports. 
2024-06-22 13:43:18,809 31328 INFO odoo_test odoo.modules.loading: loading 1 modules... 
2024-06-22 13:43:18,871 31328 INFO odoo_test odoo.modules.loading: 1 modules loaded in 0.06s, 0 queries (+0 extra) 
2024-06-22 13:43:18,893 31328 INFO odoo_test odoo.modules.loading: updating modules list 
2024-06-22 13:43:18,895 31328 INFO odoo_test odoo.addons.base.models.ir_module: ALLOW access to module.update_list on [] to user __system__ #1 via n/a 
2024-06-22 13:43:19,580 31328 INFO ? odoo.service.server: HTTP service (werkzeug) running on Dmitriy-PC:8069 
2024-06-22 13:43:20,511 31328 INFO odoo_test odoo.modules.loading: loading 12 modules... 
2024-06-22 13:43:20,657 31328 INFO odoo_test odoo.modules.loading: 12 modules loaded in 0.15s, 0 queries (+0 extra) 
2024-06-22 13:43:20,943 31328 INFO odoo_test odoo.modules.loading: Modules loaded. 
2024-06-22 13:43:20,945 31328 INFO odoo_test odoo.modules.registry: Registry loaded in 2.217s 
2024-06-22 13:43:21,085 31328 INFO odoo_test odoo.addons.base.models.ir_http: Generating routing map for key None 
2024-06-22 13:43:21,114 31328 INFO odoo_test werkzeug: 127.0.0.1 - - [22/Jun/2024 13:43:21] "GET /websocket HTTP/1.1" 101 - 7 0.006 0.761
2024-06-22 13:43:21,120 31328 INFO ? odoo.addons.bus.models.bus: Bus.loop listen imbus on db postgres 
2024-06-22 13:43:23,200 31328 INFO odoo_test werkzeug: 127.0.0.1 - - [22/Jun/2024 13:43:23] "GET /web HTTP/1.1" 200 - 65 0.081 0.414
2024-06-22 13:43:23,476 31328 INFO odoo_test werkzeug: 127.0.0.1 - - [22/Jun/2024 13:43:23] "GET /bus/websocket_worker_bundle?v=1.0.7 HTTP/1.1" 304 - 4 0.002 0.007
2024-06-22 13:43:23,513 31328 INFO odoo_test werkzeug: 127.0.0.1 - - [22/Jun/2024 13:43:23] "GET /web/image?model=res.users&field=avatar_128&id=2 HTTP/1.1" 304 - 16 0.011 0.012
2024-06-22 13:43:23,825 31328 INFO odoo_test werkzeug: 127.0.0.1 - - [22/Jun/2024 13:43:23] "GET /websocket HTTP/1.1" 101 - 1 0.001 0.003
2024-06-22 13:43:23,844 31328 INFO odoo_test werkzeug: 127.0.0.1 - - [22/Jun/2024 13:43:23] "GET /web/manifest.webmanifest HTTP/1.1" 200 - 7 0.004 0.004
2024-06-22 13:43:23,948 31328 INFO odoo_test werkzeug: 127.0.0.1 - - [22/Jun/2024 13:43:23] "POST /web/dataset/call_kw/ir.module.module/get_views HTTP/1.1" 200 - 42 0.029 0.115
2024-06-22 13:43:24,309 31328 INFO odoo_test werkzeug: 127.0.0.1 - - [22/Jun/2024 13:43:24] "POST /web/dataset/call_kw/ir.module.module/web_read HTTP/1.1" 200 - 13 0.002 0.017
2024-06-22 13:43:24,622 31328 INFO odoo_test werkzeug: 127.0.0.1 - - [22/Jun/2024 13:43:24] "GET /web/bundle/web_editor.backend_assets_wysiwyg?lang=en_US&debug=1 HTTP/1.1" 200 - 7 0.005 0.076
2024-06-22 13:43:24,702 31328 INFO odoo_test werkzeug: 127.0.0.1 - - [22/Jun/2024 13:43:24] "GET /web/image?model=ir.module.module&id=593&field=icon_image&unique=1719063798000 HTTP/1.1" 200 - 3 0.001 0.010
2024-06-22 13:43:25,512 31328 INFO odoo_test werkzeug: 127.0.0.1 - - [22/Jun/2024 13:43:25] "GET /web/service-worker.js HTTP/1.1" 200 - 1 0.001 0.003
2024-06-22 13:43:47,158 31328 INFO odoo_test odoo.addons.base.models.ir_module: ALLOW access to module.button_immediate_install on ['My super demo module'] to user admin #2 via 127.0.0.1 
2024-06-22 13:43:47,158 31328 INFO odoo_test odoo.addons.base.models.ir_module: User #2 triggered module installation 
2024-06-22 13:43:47,161 31328 INFO odoo_test odoo.addons.base.models.ir_module: ALLOW access to module.button_install on ['My super demo module'] to user admin #2 via 127.0.0.1 
2024-06-22 13:43:47,164 31328 WARNING odoo_test odoo.modules.module: get_distribution() failed: not enough values to unpack (expected 1, got 0) 
2024-06-22 13:43:47,188 31328 WARNING odoo_test odoo.http: Unable to install module "mydemo" because an external dependency is not met: Error finding python library  
2024-06-22 13:43:47,188 31328 INFO odoo_test werkzeug: 127.0.0.1 - - [22/Jun/2024 13:43:47] "POST /web/dataset/call_button HTTP/1.1" 200 - 8 0.005 0.029
2024-06-22 13:43:55,808 31328 INFO odoo_test odoo.addons.base.models.ir_module: ALLOW access to module.button_immediate_install on ['My super demo module'] to user admin #2 via 127.0.0.1 
2024-06-22 13:43:55,808 31328 INFO odoo_test odoo.addons.base.models.ir_module: User #2 triggered module installation 
2024-06-22 13:43:55,808 31328 INFO odoo_test odoo.addons.base.models.ir_module: ALLOW access to module.button_install on ['My super demo module'] to user admin #2 via 127.0.0.1 
2024-06-22 13:43:55,811 31328 WARNING odoo_test odoo.modules.module: get_distribution() failed: not enough values to unpack (expected 1, got 0) 
2024-06-22 13:43:55,814 31328 WARNING odoo_test odoo.http: Unable to install module "mydemo" because an external dependency is not met: Error finding python library  
2024-06-22 13:43:55,814 31328 INFO odoo_test werkzeug: 127.0.0.1 - - [22/Jun/2024 13:43:55] "POST /web/dataset/call_button HTTP/1.1" 200 - 8 0.002 0.008
2024-06-22 13:43:57,870 31328 INFO odoo_test odoo.addons.base.models.ir_module: ALLOW access to module.button_immediate_install on ['My super demo module'] to user admin #2 via 127.0.0.1 
2024-06-22 13:43:57,870 31328 INFO odoo_test odoo.addons.base.models.ir_module: User #2 triggered module installation 
2024-06-22 13:43:57,870 31328 INFO odoo_test odoo.addons.base.models.ir_module: ALLOW access to module.button_install on ['My super demo module'] to user admin #2 via 127.0.0.1 
2024-06-22 13:43:57,873 31328 WARNING odoo_test odoo.modules.module: get_distribution() failed: not enough values to unpack (expected 1, got 0) 
2024-06-22 13:43:57,876 31328 WARNING odoo_test odoo.http: Unable to install module "mydemo" because an external dependency is not met: Error finding python library  
2024-06-22 13:43:57,876 31328 INFO odoo_test werkzeug: 127.0.0.1 - - [22/Jun/2024 13:43:57] "POST /web/dataset/call_button HTTP/1.1" 200 - 8 0.004 0.007
2024-06-22 13:44:02,588 31328 INFO odoo_test odoo.service.server: Initiating shutdown 
2024-06-22 13:44:02,589 31328 INFO odoo_test odoo.service.server: Hit CTRL-C again or send a second signal to force the shutdown. 
2024-06-22 13:44:02,755 31328 INFO odoo_test odoo.sql_db: ConnectionPool(used=0/count=0/max=64): Closed 4 connections  
2024-06-22 13:44:20,530 16428 INFO ? odoo: Odoo version 17.0 
2024-06-22 13:44:20,530 16428 INFO ? odoo: Using configuration file at D:\Study\learning_odoo\conf\odoo.conf 
2024-06-22 13:44:20,530 16428 INFO ? odoo: addons paths: ['D:\\Study\\learning_odoo\\odoo\\addons', 'd:\\study\\learning_odoo\\data\\addons\\17.0', 'd:\\study\\learning_odoo\\addons', 'd:\\study\\learning_odoo\\custom_addons', 'd:\\study\\learning_odoo\\odoo\\addons', 'd:\\study\\learning_odoo\\my_addons'] 
2024-06-22 13:44:20,530 16428 INFO ? odoo: database: odoo_admin@localhost:5432 
2024-06-22 13:44:20,757 16428 INFO ? odoo.addons.base.models.ir_actions_report: You need Wkhtmltopdf to print a pdf version of the reports. 
2024-06-22 13:44:21,051 16428 INFO odoo_test odoo.modules.loading: loading 1 modules... 
2024-06-22 13:44:21,083 16428 INFO odoo_test odoo.modules.loading: 1 modules loaded in 0.03s, 0 queries (+0 extra) 
2024-06-22 13:44:21,098 16428 INFO odoo_test odoo.modules.loading: updating modules list 
2024-06-22 13:44:21,100 16428 INFO odoo_test odoo.addons.base.models.ir_module: ALLOW access to module.update_list on [] to user __system__ #1 via n/a 
2024-06-22 13:44:21,841 16428 INFO ? odoo.service.server: HTTP service (werkzeug) running on Dmitriy-PC:8069 
2024-06-22 13:44:22,571 16428 INFO odoo_test odoo.modules.loading: loading 12 modules... 
2024-06-22 13:44:22,685 16428 INFO odoo_test odoo.modules.loading: 12 modules loaded in 0.11s, 0 queries (+0 extra) 
2024-06-22 13:44:22,919 16428 INFO odoo_test odoo.modules.loading: Modules loaded. 
2024-06-22 13:44:22,922 16428 INFO odoo_test odoo.modules.registry: Registry loaded in 1.939s 
2024-06-22 13:44:23,020 16428 INFO odoo_test odoo.addons.base.models.ir_http: Generating routing map for key None 
2024-06-22 13:44:23,047 16428 INFO odoo_test odoo.addons.base.models.ir_module: ALLOW access to module.button_immediate_install on ['My super demo module'] to user admin #2 via 127.0.0.1 
2024-06-22 13:44:23,047 16428 INFO odoo_test odoo.addons.base.models.ir_module: User #2 triggered module installation 
2024-06-22 13:44:23,049 16428 INFO odoo_test odoo.addons.base.models.ir_module: ALLOW access to module.button_install on ['My super demo module'] to user admin #2 via 127.0.0.1 
2024-06-22 13:44:23,142 16428 INFO odoo_test odoo.modules.loading: loading 1 modules... 
2024-06-22 13:44:23,147 16428 INFO odoo_test odoo.modules.loading: 1 modules loaded in 0.00s, 0 queries (+0 extra) 
2024-06-22 13:44:23,160 16428 INFO odoo_test odoo.modules.loading: updating modules list 
2024-06-22 13:44:23,161 16428 INFO odoo_test odoo.addons.base.models.ir_module: ALLOW access to module.update_list on [] to user __system__ #1 via 127.0.0.1 
2024-06-22 13:44:23,682 16428 INFO odoo_test odoo.modules.loading: loading 12 modules... 
2024-06-22 13:44:23,688 16428 INFO odoo_test odoo.modules.loading: 12 modules loaded in 0.00s, 0 queries (+0 extra) 
2024-06-22 13:44:23,688 16428 INFO odoo_test odoo.modules.loading: loading 13 modules... 
2024-06-22 13:44:23,688 16428 INFO odoo_test odoo.modules.loading: Loading module mydemo (2/13) 
2024-06-22 13:44:23,713 16428 INFO odoo_test odoo.modules.registry: module mydemo: creating or updating database tables 
2024-06-22 13:44:23,761 16428 INFO odoo_test odoo.modules.loading: loading mydemo/views/my_demo_views.xml 
2024-06-22 13:44:23,791 16428 INFO odoo_test odoo.modules.loading: Module mydemo: loading demo 
2024-06-22 13:44:23,792 16428 INFO odoo_test odoo.modules.loading: loading mydemo/ 
2024-06-22 13:44:23,793 16428 WARNING odoo_test odoo.modules.loading: Module mydemo demo data failed to install, installed without demo data 
Traceback (most recent call last):
  File "D:\Study\learning_odoo\odoo\modules\loading.py", line 89, in load_demo
    load_data(env(su=True), idref, mode, kind='demo', package=package)
  File "D:\Study\learning_odoo\odoo\modules\loading.py", line 71, in load_data
    tools.convert_file(env, package.name, filename, idref, mode, noupdate, kind)
  File "D:\Study\learning_odoo\odoo\tools\convert.py", line 621, in convert_file
    with file_open(pathname, 'rb') as fp:
         ^^^^^^^^^^^^^^^^^^^^^^^^^
  File "D:\Study\learning_odoo\odoo\tools\misc.py", line 221, in file_open
    raise FileNotFoundError("Not a file: " + name)
FileNotFoundError: Not a file: mydemo\
2024-06-22 13:44:23,822 16428 WARNING odoo_test odoo.modules.loading: The models ['my.demo'] have no access rules in module mydemo, consider adding some, like:
id,name,model_id:id,group_id:id,perm_read,perm_write,perm_create,perm_unlink
mydemo.access_my_demo,access_my_demo,mydemo.model_my_demo,base.group_user,1,0,0,0 
2024-06-22 13:44:23,828 16428 INFO odoo_test odoo.modules.loading: Module mydemo loaded in 0.14s, 73 queries (+73 other) 
2024-06-22 13:44:23,828 16428 INFO odoo_test odoo.modules.loading: 13 modules loaded in 0.14s, 73 queries (+73 extra) 
2024-06-22 13:44:24,090 16428 INFO odoo_test odoo.modules.loading: Modules loaded. 
2024-06-22 13:44:24,092 16428 INFO odoo_test odoo.modules.registry: Registry loaded in 1.014s 
2024-06-22 13:44:24,092 16428 INFO odoo_test odoo.addons.base.models.ir_module: getting next ir.actions.todo() 
2024-06-22 13:44:24,095 16428 INFO odoo_test odoo.addons.base.models.ir_module: next action is "Demo Failure Notification" 
2024-06-22 13:44:24,117 16428 INFO odoo_test odoo.modules.registry: Registry changed, signaling through the database 
2024-06-22 13:44:24,118 16428 INFO odoo_test werkzeug: 127.0.0.1 - - [22/Jun/2024 13:44:24] "POST /web/dataset/call_button HTTP/1.1" 200 - 1829 0.687 1.509
2024-06-22 13:44:24,135 16428 INFO odoo_test odoo.addons.base.models.ir_http: Generating routing map for key None 
2024-06-22 13:44:24,157 16428 INFO odoo_test werkzeug: 127.0.0.1 - - [22/Jun/2024 13:44:24] "POST /web/action/run HTTP/1.1" 200 - 23 0.014 0.012
2024-06-22 13:44:24,484 16428 INFO odoo_test werkzeug: 127.0.0.1 - - [22/Jun/2024 13:44:24] "POST /web/dataset/call_kw/ir.demo_failure.wizard/get_views HTTP/1.1" 200 - 8 0.002 0.009
2024-06-22 13:44:24,726 16428 INFO odoo_test werkzeug: 127.0.0.1 - - [22/Jun/2024 13:44:24] "GET /websocket HTTP/1.1" 101 - 1 0.001 0.003
2024-06-22 13:44:24,736 16428 INFO odoo_test werkzeug: 127.0.0.1 - - [22/Jun/2024 13:44:24] "POST /web/dataset/call_kw/ir.demo_failure.wizard/web_read HTTP/1.1" 200 - 5 0.005 0.002
2024-06-22 13:44:24,736 16428 INFO ? odoo.addons.bus.models.bus: Bus.loop listen imbus on db postgres 
2024-06-22 13:44:30,054 16428 INFO odoo_test werkzeug: 127.0.0.1 - - [22/Jun/2024 13:44:30] "POST /web/dataset/call_kw/ir.demo_failure/get_views HTTP/1.1" 200 - 4 0.002 0.003
2024-06-22 13:44:30,387 16428 INFO odoo_test werkzeug: 127.0.0.1 - - [22/Jun/2024 13:44:30] "POST /web/dataset/call_kw/ir.demo_failure/web_read HTTP/1.1" 200 - 3 0.001 0.005
2024-06-22 13:44:34,898 16428 INFO odoo_test odoo.addons.base.models.ir_module: getting next ir.actions.todo() 
2024-06-22 13:44:34,900 16428 INFO odoo_test werkzeug: 127.0.0.1 - - [22/Jun/2024 13:44:34] "POST /web/dataset/call_button HTTP/1.1" 200 - 2 0.002 0.002
2024-06-22 13:44:35,592 16428 INFO odoo_test werkzeug: 127.0.0.1 - - [22/Jun/2024 13:44:35] "GET /web HTTP/1.1" 200 - 63 0.021 0.359
2024-06-22 13:44:35,657 16428 INFO odoo_test werkzeug: 127.0.0.1 - - [22/Jun/2024 13:44:35] "GET /web/webclient/translations/cded9a5dae23bd7af4cd015550397f8331b881bf?lang=en_US HTTP/1.1" 200 - 2 0.001 0.005
2024-06-22 13:44:35,734 16428 INFO odoo_test werkzeug: 127.0.0.1 - - [22/Jun/2024 13:44:35] "GET /bus/websocket_worker_bundle?v=1.0.7 HTTP/1.1" 304 - 4 0.003 0.004
2024-06-22 13:44:36,075 16428 INFO odoo_test werkzeug: 127.0.0.1 - - [22/Jun/2024 13:44:36] "GET /web/image?model=res.users&field=avatar_128&id=2 HTTP/1.1" 304 - 16 0.006 0.009
2024-06-22 13:44:36,139 16428 INFO odoo_test werkzeug: 127.0.0.1 - - [22/Jun/2024 13:44:36] "GET /web/manifest.webmanifest HTTP/1.1" 200 - 7 0.005 0.056
2024-06-22 13:44:36,141 16428 INFO odoo_test werkzeug: 127.0.0.1 - - [22/Jun/2024 13:44:36] "GET /websocket HTTP/1.1" 101 - 1 0.006 0.058
2024-06-22 13:44:36,151 16428 INFO odoo_test werkzeug: 127.0.0.1 - - [22/Jun/2024 13:44:36] "POST /web/action/load HTTP/1.1" 200 - 9 0.012 0.062
2024-06-22 13:44:36,368 16428 INFO odoo_test werkzeug: 127.0.0.1 - - [22/Jun/2024 13:44:36] "POST /web/dataset/call_kw/ir.module.module/get_views HTTP/1.1" 200 - 45 0.016 0.023
2024-06-22 13:44:36,496 16428 INFO odoo_test werkzeug: 127.0.0.1 - - [22/Jun/2024 13:44:36] "POST /web/dataset/call_kw/ir.module.module/search_panel_select_range HTTP/1.1" 200 - 1 0.001 0.006
2024-06-22 13:44:36,717 16428 INFO odoo_test werkzeug: 127.0.0.1 - - [22/Jun/2024 13:44:36] "POST /web/dataset/call_kw/ir.module.module/search_panel_select_range HTTP/1.1" 200 - 40 0.016 0.013
2024-06-22 13:44:36,810 16428 INFO odoo_test werkzeug: 127.0.0.1 - - [22/Jun/2024 13:44:36] "POST /web/dataset/call_kw/ir.module.module/web_search_read HTTP/1.1" 200 - 4 0.004 0.118
2024-06-22 13:44:37,222 16428 INFO odoo_test werkzeug: 127.0.0.1 - - [22/Jun/2024 13:44:37] "GET /web_theme_classic/static/description/icon.png HTTP/1.1" 404 - 2 0.001 0.004
2024-06-22 13:44:38,910 16428 INFO odoo_test werkzeug: 127.0.0.1 - - [22/Jun/2024 13:44:38] "POST /web/dataset/call_kw/ir.module.module/search_panel_select_range HTTP/1.1" 200 - 38 0.014 0.012
2024-06-22 13:44:38,953 16428 INFO odoo_test werkzeug: 127.0.0.1 - - [22/Jun/2024 13:44:38] "POST /web/dataset/call_kw/ir.module.module/web_search_read HTTP/1.1" 200 - 4 0.003 0.066
2024-06-22 13:44:39,152 16428 INFO odoo_test werkzeug: 127.0.0.1 - - [22/Jun/2024 13:44:39] "GET /web_theme_classic/static/description/icon.png HTTP/1.1" 404 - 2 0.000 0.004
2024-06-22 13:44:39,178 16428 INFO odoo_test werkzeug: 127.0.0.1 - - [22/Jun/2024 13:44:39] "GET /web_responsive/static/description/icon.png HTTP/1.1" 404 - 2 0.000 0.003
2024-06-22 13:44:39,415 16428 INFO odoo_test werkzeug: 127.0.0.1 - - [22/Jun/2024 13:44:39] "GET /web/service-worker.js HTTP/1.1" 200 - 1 0.001 0.002
2024-06-22 13:44:40,594 16428 INFO odoo_test werkzeug: 127.0.0.1 - - [22/Jun/2024 13:44:40] "POST /web/dataset/call_kw/ir.module.module/search_panel_select_range HTTP/1.1" 200 - 38 0.027 0.012
2024-06-22 13:44:40,933 16428 INFO odoo_test werkzeug: 127.0.0.1 - - [22/Jun/2024 13:44:40] "POST /web/dataset/call_kw/ir.module.module/web_search_read HTTP/1.1" 200 - 3 0.003 0.009
2024-06-22 13:44:47,758 16428 INFO odoo_test odoo.addons.base.models.ir_module: ALLOW access to module.button_immediate_upgrade on ['My super demo module'] to user admin #2 via 127.0.0.1 
2024-06-22 13:44:47,758 16428 INFO odoo_test odoo.addons.base.models.ir_module: ALLOW access to module.button_upgrade on ['My super demo module'] to user admin #2 via 127.0.0.1 
2024-06-22 13:44:47,758 16428 INFO odoo_test odoo.addons.base.models.ir_module: ALLOW access to module.update_list on ['My super demo module'] to user admin #2 via 127.0.0.1 
2024-06-22 13:44:48,324 16428 INFO odoo_test odoo.addons.base.models.ir_module: ALLOW access to module.button_install on [] to user admin #2 via 127.0.0.1 
2024-06-22 13:44:48,342 16428 INFO odoo_test odoo.modules.loading: loading 1 modules... 
2024-06-22 13:44:48,347 16428 INFO odoo_test odoo.modules.loading: 1 modules loaded in 0.01s, 0 queries (+0 extra) 
2024-06-22 13:44:48,361 16428 INFO odoo_test odoo.modules.loading: updating modules list 
2024-06-22 13:44:48,363 16428 INFO odoo_test odoo.addons.base.models.ir_module: ALLOW access to module.update_list on [] to user __system__ #1 via 127.0.0.1 
2024-06-22 13:44:48,890 16428 INFO odoo_test odoo.modules.loading: loading 13 modules... 
2024-06-22 13:44:48,890 16428 INFO odoo_test odoo.modules.loading: Loading module mydemo (2/13) 
2024-06-22 13:44:48,945 16428 INFO odoo_test odoo.modules.registry: module mydemo: creating or updating database tables 
2024-06-22 13:44:48,958 16428 INFO odoo_test odoo.modules.loading: loading mydemo/views/my_demo_views.xml 
2024-06-22 13:44:48,982 16428 WARNING odoo_test odoo.modules.loading: The models ['my.demo'] have no access rules in module mydemo, consider adding some, like:
id,name,model_id:id,group_id:id,perm_read,perm_write,perm_create,perm_unlink
mydemo.access_my_demo,access_my_demo,mydemo.model_my_demo,base.group_user,1,0,0,0 
2024-06-22 13:44:48,986 16428 INFO odoo_test odoo.modules.loading: Module mydemo loaded in 0.10s, 64 queries (+64 other) 
2024-06-22 13:44:48,992 16428 INFO odoo_test odoo.modules.loading: 13 modules loaded in 0.10s, 64 queries (+64 extra) 
2024-06-22 13:44:49,071 16428 INFO odoo_test odoo.modules.registry: verifying fields for every extended model 
2024-06-22 13:44:49,252 16428 INFO odoo_test odoo.modules.loading: Modules loaded. 
2024-06-22 13:44:49,254 16428 INFO odoo_test odoo.modules.registry: Registry loaded in 0.916s 
2024-06-22 13:44:49,254 16428 INFO odoo_test odoo.addons.base.models.ir_module: getting next ir.actions.todo() 
2024-06-22 13:44:49,256 16428 INFO odoo_test odoo.modules.registry: Registry changed, signaling through the database 
2024-06-22 13:44:49,257 16428 INFO odoo_test werkzeug: 127.0.0.1 - - [22/Jun/2024 13:44:49] "POST /web/dataset/call_button HTTP/1.1" 200 - 3066 0.889 0.614
2024-06-22 13:44:49,570 16428 INFO odoo_test odoo.addons.base.models.ir_http: Generating routing map for key None 
2024-06-22 13:44:49,921 16428 INFO odoo_test werkzeug: 127.0.0.1 - - [22/Jun/2024 13:44:49] "GET /web HTTP/1.1" 200 - 68 0.027 0.326
2024-06-22 13:44:50,054 16428 INFO odoo_test werkzeug: 127.0.0.1 - - [22/Jun/2024 13:44:50] "GET /bus/websocket_worker_bundle?v=1.0.7 HTTP/1.1" 304 - 4 0.002 0.007
2024-06-22 13:44:50,092 16428 INFO odoo_test werkzeug: 127.0.0.1 - - [22/Jun/2024 13:44:50] "GET /web/image?model=res.users&field=avatar_128&id=2 HTTP/1.1" 304 - 16 0.007 0.012
2024-06-22 13:44:50,402 16428 INFO odoo_test werkzeug: 127.0.0.1 - - [22/Jun/2024 13:44:50] "GET /websocket HTTP/1.1" 101 - 1 0.001 0.005
2024-06-22 13:44:50,403 16428 INFO odoo_test werkzeug: 127.0.0.1 - - [22/Jun/2024 13:44:50] "GET /web/manifest.webmanifest HTTP/1.1" 200 - 7 0.002 0.005
2024-06-22 13:44:50,417 16428 INFO odoo_test werkzeug: 127.0.0.1 - - [22/Jun/2024 13:44:50] "POST /web/action/load HTTP/1.1" 200 - 10 0.012 0.009
2024-06-22 13:44:50,783 16428 INFO odoo_test werkzeug: 127.0.0.1 - - [22/Jun/2024 13:44:50] "POST /web/dataset/call_kw/ir.module.module/get_views HTTP/1.1" 200 - 47 0.019 0.022
2024-06-22 13:44:51,007 16428 INFO odoo_test werkzeug: 127.0.0.1 - - [22/Jun/2024 13:44:51] "POST /web/dataset/call_kw/ir.module.module/search_panel_select_range HTTP/1.1" 200 - 1 0.000 0.003
2024-06-22 13:44:51,128 16428 INFO odoo_test werkzeug: 127.0.0.1 - - [22/Jun/2024 13:44:51] "POST /web/dataset/call_kw/ir.module.module/search_panel_select_range HTTP/1.1" 200 - 40 0.013 0.015
2024-06-22 13:44:51,160 16428 INFO odoo_test werkzeug: 127.0.0.1 - - [22/Jun/2024 13:44:51] "POST /web/dataset/call_kw/ir.module.module/web_search_read HTTP/1.1" 200 - 4 0.003 0.056
2024-06-22 13:44:51,404 16428 INFO odoo_test werkzeug: 127.0.0.1 - - [22/Jun/2024 13:44:51] "GET /web_theme_classic/static/description/icon.png HTTP/1.1" 404 - 2 0.000 0.004
2024-06-22 13:44:52,012 16428 INFO odoo_test werkzeug: 127.0.0.1 - - [22/Jun/2024 13:44:52] "GET /web/service-worker.js HTTP/1.1" 200 - 1 0.001 0.002
2024-06-22 13:44:53,611 16428 INFO odoo_test werkzeug: 127.0.0.1 - - [22/Jun/2024 13:44:53] "POST /web/action/load HTTP/1.1" 200 - 8 0.003 0.005
2024-06-22 13:44:53,932 16428 INFO odoo_test werkzeug: 127.0.0.1 - - [22/Jun/2024 13:44:53] "POST /web/dataset/call_kw/base.module.update/get_views HTTP/1.1" 200 - 9 0.003 0.007
2024-06-22 13:44:54,192 16428 INFO odoo_test werkzeug: 127.0.0.1 - - [22/Jun/2024 13:44:54] "POST /web/dataset/call_kw/base.module.update/onchange HTTP/1.1" 200 - 2 0.001 0.002
2024-06-22 13:44:55,273 16428 INFO odoo_test werkzeug: 127.0.0.1 - - [22/Jun/2024 13:44:55] "POST /web/dataset/call_kw/base.module.update/web_save HTTP/1.1" 200 - 5 0.006 0.004
2024-06-22 13:44:55,589 16428 INFO odoo_test odoo.addons.base.models.ir_module: ALLOW access to module.update_list on [] to user admin #2 via 127.0.0.1 
2024-06-22 13:44:56,168 16428 INFO odoo_test werkzeug: 127.0.0.1 - - [22/Jun/2024 13:44:56] "POST /web/dataset/call_button HTTP/1.1" 200 - 1279 0.363 0.219
2024-06-22 13:44:58,418 16428 INFO odoo_test werkzeug: 127.0.0.1 - - [22/Jun/2024 13:44:58] "POST /web/dataset/call_kw/ir.module.module/search_panel_select_range HTTP/1.1" 200 - 38 0.014 0.009
2024-06-22 13:44:58,766 16428 INFO odoo_test werkzeug: 127.0.0.1 - - [22/Jun/2024 13:44:58] "POST /web/dataset/call_kw/ir.module.module/web_search_read HTTP/1.1" 200 - 4 0.004 0.057
2024-06-22 13:44:59,241 16428 INFO odoo_test werkzeug: 127.0.0.1 - - [22/Jun/2024 13:44:59] "GET /web_theme_classic/static/description/icon.png HTTP/1.1" 404 - 2 0.001 0.003
2024-06-22 13:44:59,242 16428 INFO odoo_test werkzeug: 127.0.0.1 - - [22/Jun/2024 13:44:59] "GET /web_responsive/static/description/icon.png HTTP/1.1" 404 - 2 0.001 0.003
2024-06-22 13:45:02,010 16428 INFO odoo_test werkzeug: 127.0.0.1 - - [22/Jun/2024 13:45:02] "POST /web/dataset/call_kw/ir.module.module/search_panel_select_range HTTP/1.1" 200 - 38 0.021 0.018
2024-06-22 13:45:02,334 16428 INFO odoo_test werkzeug: 127.0.0.1 - - [22/Jun/2024 13:45:02] "POST /web/dataset/call_kw/ir.module.module/web_search_read HTTP/1.1" 200 - 3 0.003 0.008
2024-06-22 13:45:05,411 16428 INFO odoo_test werkzeug: 127.0.0.1 - - [22/Jun/2024 13:45:05] "POST /web/dataset/call_button HTTP/1.1" 200 - 1 0.000 0.002
2024-06-22 13:45:05,750 16428 INFO odoo_test werkzeug: 127.0.0.1 - - [22/Jun/2024 13:45:05] "POST /web/dataset/call_kw/ir.module.module/get_views HTTP/1.1" 200 - 6 0.003 0.007
2024-06-22 13:45:06,001 16428 INFO odoo_test werkzeug: 127.0.0.1 - - [22/Jun/2024 13:45:06] "POST /web/dataset/call_kw/ir.module.module/web_read HTTP/1.1" 200 - 10 0.004 0.010
2024-06-22 13:45:06,153 16428 INFO odoo_test werkzeug: 127.0.0.1 - - [22/Jun/2024 13:45:06] "GET /web/bundle/web_editor.backend_assets_wysiwyg?lang=en_US&debug=1 HTTP/1.1" 200 - 7 0.005 0.079
2024-06-22 13:45:06,340 16428 INFO odoo_test werkzeug: 127.0.0.1 - - [22/Jun/2024 13:45:06] "GET /web/image?model=ir.module.module&id=593&field=icon_image&unique=1719063888000 HTTP/1.1" 200 - 3 0.001 0.006
2024-06-22 13:45:08,197 16428 INFO odoo_test odoo.addons.base.models.ir_module: ALLOW access to module.button_immediate_upgrade on ['My super demo module'] to user admin #2 via 127.0.0.1 
2024-06-22 13:45:08,198 16428 INFO odoo_test odoo.addons.base.models.ir_module: ALLOW access to module.button_upgrade on ['My super demo module'] to user admin #2 via 127.0.0.1 
2024-06-22 13:45:08,198 16428 INFO odoo_test odoo.addons.base.models.ir_module: ALLOW access to module.update_list on ['My super demo module'] to user admin #2 via 127.0.0.1 
2024-06-22 13:45:08,742 16428 INFO odoo_test odoo.addons.base.models.ir_module: ALLOW access to module.button_install on [] to user admin #2 via 127.0.0.1 
2024-06-22 13:45:08,756 16428 INFO odoo_test odoo.modules.loading: loading 1 modules... 
2024-06-22 13:45:08,761 16428 INFO odoo_test odoo.modules.loading: 1 modules loaded in 0.00s, 0 queries (+0 extra) 
2024-06-22 13:45:08,775 16428 INFO odoo_test odoo.modules.loading: updating modules list 
2024-06-22 13:45:08,776 16428 INFO odoo_test odoo.addons.base.models.ir_module: ALLOW access to module.update_list on [] to user __system__ #1 via 127.0.0.1 
2024-06-22 13:45:09,291 16428 INFO odoo_test odoo.modules.loading: loading 13 modules... 
2024-06-22 13:45:09,291 16428 INFO odoo_test odoo.modules.loading: Loading module mydemo (2/13) 
2024-06-22 13:45:09,314 16428 INFO odoo_test odoo.modules.registry: module mydemo: creating or updating database tables 
2024-06-22 13:45:09,328 16428 INFO odoo_test odoo.modules.loading: loading mydemo/views/my_demo_views.xml 
2024-06-22 13:45:09,352 16428 WARNING odoo_test odoo.modules.loading: The models ['my.demo'] have no access rules in module mydemo, consider adding some, like:
id,name,model_id:id,group_id:id,perm_read,perm_write,perm_create,perm_unlink
mydemo.access_my_demo,access_my_demo,mydemo.model_my_demo,base.group_user,1,0,0,0 
2024-06-22 13:45:09,355 16428 INFO odoo_test odoo.modules.loading: Module mydemo loaded in 0.06s, 64 queries (+64 other) 
2024-06-22 13:45:09,361 16428 INFO odoo_test odoo.modules.loading: 13 modules loaded in 0.07s, 64 queries (+64 extra) 
2024-06-22 13:45:09,440 16428 INFO odoo_test odoo.modules.registry: verifying fields for every extended model 
2024-06-22 13:45:09,620 16428 INFO odoo_test odoo.modules.loading: Modules loaded. 
2024-06-22 13:45:09,621 16428 INFO odoo_test odoo.modules.registry: Registry loaded in 0.869s 
2024-06-22 13:45:09,621 16428 INFO odoo_test odoo.addons.base.models.ir_module: getting next ir.actions.todo() 
2024-06-22 13:45:09,625 16428 INFO odoo_test odoo.modules.registry: Registry changed, signaling through the database 
2024-06-22 13:45:09,625 16428 INFO odoo_test werkzeug: 127.0.0.1 - - [22/Jun/2024 13:45:09] "POST /web/dataset/call_button HTTP/1.1" 200 - 3063 0.873 0.558
2024-06-22 13:45:09,940 16428 INFO odoo_test odoo.addons.base.models.ir_http: Generating routing map for key None 
2024-06-22 13:45:10,295 16428 INFO odoo_test werkzeug: 127.0.0.1 - - [22/Jun/2024 13:45:10] "GET /web HTTP/1.1" 200 - 68 0.025 0.332
2024-06-22 13:45:10,440 16428 INFO odoo_test werkzeug: 127.0.0.1 - - [22/Jun/2024 13:45:10] "GET /bus/websocket_worker_bundle?v=1.0.7 HTTP/1.1" 304 - 4 0.002 0.008
2024-06-22 13:45:10,490 16428 INFO odoo_test werkzeug: 127.0.0.1 - - [22/Jun/2024 13:45:10] "GET /web/image?model=res.users&field=avatar_128&id=2 HTTP/1.1" 304 - 16 0.010 0.016
2024-06-22 13:45:10,780 16428 INFO odoo_test werkzeug: 127.0.0.1 - - [22/Jun/2024 13:45:10] "GET /websocket HTTP/1.1" 101 - 1 0.000 0.010
2024-06-22 13:45:10,782 16428 INFO odoo_test werkzeug: 127.0.0.1 - - [22/Jun/2024 13:45:10] "GET /web/manifest.webmanifest HTTP/1.1" 200 - 7 0.007 0.005
2024-06-22 13:45:10,783 16428 INFO odoo_test werkzeug: 127.0.0.1 - - [22/Jun/2024 13:45:10] "POST /web/action/load HTTP/1.1" 200 - 10 0.007 0.007
2024-06-22 13:45:11,170 16428 INFO odoo_test werkzeug: 127.0.0.1 - - [22/Jun/2024 13:45:11] "POST /web/dataset/call_kw/ir.module.module/get_views HTTP/1.1" 200 - 47 0.028 0.029
2024-06-22 13:45:11,380 16428 INFO odoo_test werkzeug: 127.0.0.1 - - [22/Jun/2024 13:45:11] "POST /web/dataset/call_kw/ir.module.module/search_panel_select_range HTTP/1.1" 200 - 1 0.001 0.002
2024-06-22 13:45:11,518 16428 INFO odoo_test werkzeug: 127.0.0.1 - - [22/Jun/2024 13:45:11] "POST /web/dataset/call_kw/ir.module.module/search_panel_select_range HTTP/1.1" 200 - 40 0.022 0.011
2024-06-22 13:45:11,546 16428 INFO odoo_test werkzeug: 127.0.0.1 - - [22/Jun/2024 13:45:11] "POST /web/dataset/call_kw/ir.module.module/web_search_read HTTP/1.1" 200 - 4 0.002 0.057
2024-06-22 13:45:11,867 16428 INFO odoo_test werkzeug: 127.0.0.1 - - [22/Jun/2024 13:45:11] "GET /web_theme_classic/static/description/icon.png HTTP/1.1" 404 - 2 0.001 0.003
2024-06-22 13:45:12,443 16428 INFO odoo_test werkzeug: 127.0.0.1 - - [22/Jun/2024 13:45:12] "GET /web/service-worker.js HTTP/1.1" 200 - 1 0.001 0.001
2024-06-22 13:45:13,091 16428 INFO odoo_test werkzeug: 127.0.0.1 - - [22/Jun/2024 13:45:13] "POST /web/dataset/call_kw/ir.module.module/search_panel_select_range HTTP/1.1" 200 - 38 0.017 0.007
2024-06-22 13:45:13,444 16428 INFO odoo_test werkzeug: 127.0.0.1 - - [22/Jun/2024 13:45:13] "POST /web/dataset/call_kw/ir.module.module/web_search_read HTTP/1.1" 200 - 4 0.007 0.058
2024-06-22 13:45:13,900 16428 INFO odoo_test werkzeug: 127.0.0.1 - - [22/Jun/2024 13:45:13] "GET /web_theme_classic/static/description/icon.png HTTP/1.1" 404 - 2 0.003 0.002
2024-06-22 13:45:13,901 16428 INFO odoo_test werkzeug: 127.0.0.1 - - [22/Jun/2024 13:45:13] "GET /web_responsive/static/description/icon.png HTTP/1.1" 404 - 2 0.002 0.004
2024-06-22 13:45:15,262 16428 INFO odoo_test werkzeug: 127.0.0.1 - - [22/Jun/2024 13:45:15] "POST /web/dataset/call_kw/ir.module.module/search_panel_select_range HTTP/1.1" 200 - 38 0.027 0.018
2024-06-22 13:45:15,605 16428 INFO odoo_test werkzeug: 127.0.0.1 - - [22/Jun/2024 13:45:15] "POST /web/dataset/call_kw/ir.module.module/web_search_read HTTP/1.1" 200 - 3 0.006 0.010
2024-06-22 13:45:17,739 16428 INFO odoo_test werkzeug: 127.0.0.1 - - [22/Jun/2024 13:45:17] "POST /web/dataset/call_button HTTP/1.1" 200 - 1 0.000 0.002
2024-06-22 13:45:18,070 16428 INFO odoo_test werkzeug: 127.0.0.1 - - [22/Jun/2024 13:45:18] "POST /web/dataset/call_kw/ir.module.module/get_views HTTP/1.1" 200 - 6 0.003 0.007
2024-06-22 13:45:18,329 16428 INFO odoo_test werkzeug: 127.0.0.1 - - [22/Jun/2024 13:45:18] "POST /web/dataset/call_kw/ir.module.module/web_read HTTP/1.1" 200 - 12 0.007 0.014
2024-06-22 13:45:18,457 16428 INFO odoo_test werkzeug: 127.0.0.1 - - [22/Jun/2024 13:45:18] "GET /web/bundle/web_editor.backend_assets_wysiwyg?lang=en_US&debug=1 HTTP/1.1" 200 - 7 0.002 0.071
2024-06-22 13:45:18,674 16428 INFO odoo_test werkzeug: 127.0.0.1 - - [22/Jun/2024 13:45:18] "GET /web/image?model=ir.module.module&id=593&field=icon_image&unique=1719063909000 HTTP/1.1" 200 - 3 0.002 0.008
2024-06-22 13:45:38,896 16428 INFO odoo_test odoo.service.server: Initiating shutdown 
2024-06-22 13:45:38,897 16428 INFO odoo_test odoo.service.server: Hit CTRL-C again or send a second signal to force the shutdown. 
2024-06-22 13:45:39,912 16428 INFO odoo_test odoo.sql_db: ConnectionPool(used=0/count=0/max=64): Closed 6 connections  
2024-06-22 13:50:28,313 37668 INFO ? odoo: Odoo version 17.0 
2024-06-22 13:50:28,313 37668 INFO ? odoo: Using configuration file at D:\Study\learning_odoo\conf\odoo.conf 
2024-06-22 13:50:28,313 37668 INFO ? odoo: addons paths: ['D:\\Study\\learning_odoo\\odoo\\addons', 'd:\\study\\learning_odoo\\data\\addons\\17.0', 'd:\\study\\learning_odoo\\addons', 'd:\\study\\learning_odoo\\custom_addons', 'd:\\study\\learning_odoo\\odoo\\addons', 'd:\\study\\learning_odoo\\my_addons'] 
2024-06-22 13:50:28,314 37668 INFO ? odoo: database: odoo_admin@localhost:5432 
2024-06-22 13:50:28,530 37668 INFO ? odoo.addons.base.models.ir_actions_report: You need Wkhtmltopdf to print a pdf version of the reports. 
2024-06-22 13:50:28,886 37668 INFO odoo_test odoo.modules.loading: loading 1 modules... 
2024-06-22 13:50:28,921 37668 INFO odoo_test odoo.modules.loading: 1 modules loaded in 0.04s, 0 queries (+0 extra) 
2024-06-22 13:50:28,937 37668 INFO odoo_test odoo.modules.loading: updating modules list 
2024-06-22 13:50:28,940 37668 INFO odoo_test odoo.addons.base.models.ir_module: ALLOW access to module.update_list on [] to user __system__ #1 via n/a 
2024-06-22 13:50:29,649 37668 INFO ? odoo.service.server: HTTP service (werkzeug) running on Dmitriy-PC:8069 
2024-06-22 13:50:30,488 37668 INFO odoo_test odoo.addons.base.models.ir_module: ALLOW access to module.button_upgrade on ['My super demo module'] to user __system__ #1 via n/a 
2024-06-22 13:50:30,488 37668 INFO odoo_test odoo.addons.base.models.ir_module: ALLOW access to module.update_list on ['My super demo module'] to user __system__ #1 via n/a 
2024-06-22 13:50:31,044 37668 INFO odoo_test odoo.addons.base.models.ir_module: ALLOW access to module.button_install on [] to user __system__ #1 via n/a 
2024-06-22 13:50:31,063 37668 INFO odoo_test odoo.modules.loading: loading 13 modules... 
2024-06-22 13:50:31,063 37668 INFO odoo_test odoo.modules.loading: Loading module mydemo (2/13) 
2024-06-22 13:50:31,093 37668 INFO odoo_test odoo.modules.registry: module mydemo: creating or updating database tables 
2024-06-22 13:50:31,115 37668 INFO odoo_test odoo.modules.loading: loading mydemo/security/ir.model.access.csv 
2024-06-22 13:50:31,132 37668 INFO odoo_test odoo.modules.loading: loading mydemo/views/my_demo_views.xml 
2024-06-22 13:50:31,167 37668 INFO odoo_test odoo.modules.loading: Module mydemo loaded in 0.10s, 79 queries (+79 other) 
2024-06-22 13:50:31,290 37668 INFO odoo_test odoo.modules.loading: 13 modules loaded in 0.23s, 79 queries (+79 extra) 
2024-06-22 13:50:31,373 37668 INFO odoo_test odoo.modules.registry: verifying fields for every extended model 
2024-06-22 13:50:31,568 37668 INFO odoo_test odoo.modules.loading: Modules loaded. 
2024-06-22 13:50:31,611 37668 INFO odoo_test odoo.modules.registry: Registry loaded in 2.819s 
2024-06-22 13:50:32,021 37668 INFO odoo_test odoo.addons.base.models.ir_http: Generating routing map for key None 
2024-06-22 13:50:32,449 37668 INFO odoo_test werkzeug: 127.0.0.1 - - [22/Jun/2024 13:50:32] "GET /web HTTP/1.1" 200 - 69 0.043 0.392
2024-06-22 13:50:32,668 37668 INFO odoo_test werkzeug: 127.0.0.1 - - [22/Jun/2024 13:50:32] "GET /web/webclient/load_menus/0361b99381328e56a575fa4f006b4e2369f4c781d6b1dc3a8066aff41dca7ea8 HTTP/1.1" 200 - 2 0.001 0.100
2024-06-22 13:50:32,704 37668 INFO odoo_test werkzeug: 127.0.0.1 - - [22/Jun/2024 13:50:32] "GET /bus/websocket_worker_bundle?v=1.0.7 HTTP/1.1" 304 - 4 0.002 0.004
2024-06-22 13:50:33,189 37668 INFO odoo_test werkzeug: 127.0.0.1 - - [22/Jun/2024 13:50:33] "POST /web/dataset/call_kw/ir.module.module/get_views HTTP/1.1" 200 - 41 0.014 0.123
2024-06-22 13:50:33,198 37668 INFO odoo_test werkzeug: 127.0.0.1 - - [22/Jun/2024 13:50:33] "GET /websocket HTTP/1.1" 101 - 1 0.005 0.123
2024-06-22 13:50:33,206 37668 INFO odoo_test werkzeug: 127.0.0.1 - - [22/Jun/2024 13:50:33] "GET /web/image?model=res.users&field=avatar_128&id=2 HTTP/1.1" 304 - 16 0.015 0.123
2024-06-22 13:50:33,211 37668 INFO ? odoo.addons.bus.models.bus: Bus.loop listen imbus on db postgres 
2024-06-22 13:50:33,333 37668 INFO odoo_test werkzeug: 127.0.0.1 - - [22/Jun/2024 13:50:33] "POST /web/dataset/call_kw/ir.module.module/web_read HTTP/1.1" 200 - 13 0.007 0.008
2024-06-22 13:50:33,547 37668 INFO odoo_test werkzeug: 127.0.0.1 - - [22/Jun/2024 13:50:33] "GET /web/manifest.webmanifest HTTP/1.1" 200 - 7 0.010 0.003
2024-06-22 13:50:33,584 37668 INFO odoo_test werkzeug: 127.0.0.1 - - [22/Jun/2024 13:50:33] "GET /web/bundle/web_editor.backend_assets_wysiwyg?lang=en_US&debug=1 HTTP/1.1" 200 - 7 0.002 0.078
2024-06-22 13:50:33,691 37668 INFO odoo_test werkzeug: 127.0.0.1 - - [22/Jun/2024 13:50:33] "GET /web/image?model=ir.module.module&id=593&field=icon_image&unique=1719064231000 HTTP/1.1" 200 - 3 0.002 0.013
2024-06-22 13:50:35,307 37668 INFO odoo_test werkzeug: 127.0.0.1 - - [22/Jun/2024 13:50:35] "GET /web/service-worker.js HTTP/1.1" 200 - 1 0.001 0.002
2024-06-22 13:50:57,292 37668 INFO odoo_test werkzeug: 127.0.0.1 - - [22/Jun/2024 13:50:57] "POST /web/action/load HTTP/1.1" 200 - 8 0.004 0.005
2024-06-22 13:50:57,575 37668 INFO odoo_test werkzeug: 127.0.0.1 - - [22/Jun/2024 13:50:57] "POST /web/dataset/call_kw/my.demo/get_views HTTP/1.1" 200 - 12 0.010 0.015
2024-06-22 13:50:57,615 37668 INFO odoo_test werkzeug: 127.0.0.1 - - [22/Jun/2024 13:50:57] "POST /web/dataset/call_kw/my.demo/web_search_read HTTP/1.1" 200 - 3 0.002 0.002
2024-06-22 13:50:57,894 37668 INFO odoo_test werkzeug: 127.0.0.1 - - [22/Jun/2024 13:50:57] "POST /web/dataset/call_kw/res.users/has_group HTTP/1.1" 200 - 2 0.001 0.002
2024-06-22 13:53:48,740 37668 INFO odoo_test odoo.service.server: Initiating shutdown 
2024-06-22 13:53:48,740 37668 INFO odoo_test odoo.service.server: Hit CTRL-C again or send a second signal to force the shutdown. 
2024-06-22 13:53:48,916 37668 INFO odoo_test odoo.sql_db: ConnectionPool(used=0/count=0/max=64): Closed 6 connections  
2024-06-22 13:55:23,469 17356 INFO ? odoo: Odoo version 17.0 
2024-06-22 13:55:23,469 17356 INFO ? odoo: Using configuration file at D:\Study\learning_odoo\conf\odoo.conf 
2024-06-22 13:55:23,469 17356 INFO ? odoo: addons paths: ['D:\\Study\\learning_odoo\\odoo\\addons', 'd:\\study\\learning_odoo\\data\\addons\\17.0', 'd:\\study\\learning_odoo\\addons', 'd:\\study\\learning_odoo\\custom_addons', 'd:\\study\\learning_odoo\\odoo\\addons', 'd:\\study\\learning_odoo\\my_addons'] 
2024-06-22 13:55:23,469 17356 INFO ? odoo: database: odoo_admin@localhost:5432 
2024-06-22 13:55:23,752 17356 INFO ? odoo.addons.base.models.ir_actions_report: You need Wkhtmltopdf to print a pdf version of the reports. 
2024-06-22 13:55:24,230 17356 INFO odoo_test odoo.modules.loading: loading 1 modules... 
2024-06-22 13:55:24,277 17356 INFO odoo_test odoo.modules.loading: 1 modules loaded in 0.05s, 0 queries (+0 extra) 
2024-06-22 13:55:24,295 17356 INFO odoo_test odoo.modules.loading: updating modules list 
2024-06-22 13:55:24,298 17356 INFO odoo_test odoo.addons.base.models.ir_module: ALLOW access to module.update_list on [] to user __system__ #1 via n/a 
2024-06-22 13:55:24,993 17356 INFO ? odoo.service.server: HTTP service (werkzeug) running on Dmitriy-PC:8069 
2024-06-22 13:55:26,109 17356 INFO odoo_test odoo.addons.base.models.ir_module: ALLOW access to module.button_upgrade on ['My super demo module'] to user __system__ #1 via n/a 
2024-06-22 13:55:26,109 17356 INFO odoo_test odoo.addons.base.models.ir_module: ALLOW access to module.update_list on ['My super demo module'] to user __system__ #1 via n/a 
2024-06-22 13:55:26,856 17356 INFO odoo_test odoo.addons.base.models.ir_module: ALLOW access to module.button_install on [] to user __system__ #1 via n/a 
2024-06-22 13:55:26,889 17356 INFO odoo_test odoo.modules.loading: loading 13 modules... 
2024-06-22 13:55:26,890 17356 INFO odoo_test odoo.modules.loading: Loading module mydemo (2/13) 
2024-06-22 13:55:26,942 17356 INFO odoo_test odoo.modules.registry: module mydemo: creating or updating database tables 
2024-06-22 13:55:26,984 17356 INFO odoo_test odoo.modules.loading: loading mydemo/security/ir.model.access.csv 
2024-06-22 13:55:27,004 17356 INFO odoo_test odoo.modules.loading: loading mydemo/views/my_demo_views.xml 
2024-06-22 13:55:27,072 17356 INFO odoo_test odoo.modules.loading: Module mydemo loaded in 0.18s, 88 queries (+88 other) 
2024-06-22 13:55:27,206 17356 INFO odoo_test odoo.modules.loading: 13 modules loaded in 0.32s, 88 queries (+88 extra) 
2024-06-22 13:55:27,297 17356 INFO odoo_test odoo.modules.registry: verifying fields for every extended model 
2024-06-22 13:55:27,496 17356 INFO odoo_test odoo.modules.loading: Modules loaded. 
2024-06-22 13:55:27,498 17356 INFO odoo_test odoo.modules.registry: Registry loaded in 3.363s 
2024-06-22 13:55:28,767 17356 INFO odoo_test odoo.addons.base.models.ir_http: Generating routing map for key None 
2024-06-22 13:55:29,184 17356 INFO odoo_test werkzeug: 127.0.0.1 - - [22/Jun/2024 13:55:29] "GET /web HTTP/1.1" 200 - 69 0.039 0.383
2024-06-22 13:55:29,403 17356 INFO odoo_test werkzeug: 127.0.0.1 - - [22/Jun/2024 13:55:29] "GET /web/webclient/load_menus/caf71aff7b6064d8198dbeba9de69976c31574b07bc9810be6edde4ad8a2fe5c HTTP/1.1" 200 - 2 0.001 0.093
2024-06-22 13:55:29,463 17356 INFO odoo_test werkzeug: 127.0.0.1 - - [22/Jun/2024 13:55:29] "POST /web/action/load HTTP/1.1" 200 - 8 0.007 0.004
2024-06-22 13:55:29,774 17356 INFO odoo_test werkzeug: 127.0.0.1 - - [22/Jun/2024 13:55:29] "GET /web/image?model=res.users&field=avatar_128&id=2 HTTP/1.1" 304 - 16 0.007 0.009
2024-06-22 13:55:29,911 17356 INFO odoo_test werkzeug: 127.0.0.1 - - [22/Jun/2024 13:55:29] "POST /web/dataset/call_kw/my.demo/get_views HTTP/1.1" 200 - 19 0.012 0.110
2024-06-22 13:55:29,918 17356 INFO odoo_test werkzeug: 127.0.0.1 - - [22/Jun/2024 13:55:29] "GET /web/manifest.webmanifest HTTP/1.1" 200 - 7 0.008 0.106
2024-06-22 13:55:29,928 17356 INFO odoo_test werkzeug: 127.0.0.1 - - [22/Jun/2024 13:55:29] "GET /bus/websocket_worker_bundle?v=1.0.7 HTTP/1.1" 304 - 4 0.014 0.108
2024-06-22 13:55:30,233 17356 INFO odoo_test werkzeug: 127.0.0.1 - - [22/Jun/2024 13:55:30] "POST /web/dataset/call_kw/my.demo/web_search_read HTTP/1.1" 200 - 3 0.001 0.005
2024-06-22 13:55:30,234 17356 INFO odoo_test werkzeug: 127.0.0.1 - - [22/Jun/2024 13:55:30] "POST /web/dataset/call_kw/res.users/has_group HTTP/1.1" 200 - 2 0.003 0.003
2024-06-22 13:55:30,264 17356 INFO odoo_test werkzeug: 127.0.0.1 - - [22/Jun/2024 13:55:30] "GET /websocket HTTP/1.1" 101 - 1 0.001 0.004
2024-06-22 13:55:30,271 17356 INFO ? odoo.addons.bus.models.bus: Bus.loop listen imbus on db postgres 
2024-06-22 13:55:31,510 17356 INFO odoo_test werkzeug: 127.0.0.1 - - [22/Jun/2024 13:55:31] "POST /web/dataset/call_kw/my.demo/web_search_read HTTP/1.1" 200 - 2 0.001 0.002
2024-06-22 13:55:31,776 17356 INFO odoo_test werkzeug: 127.0.0.1 - - [22/Jun/2024 13:55:31] "GET /web/service-worker.js HTTP/1.1" 200 - 1 0.000 0.004
2024-06-22 13:55:32,537 17356 INFO odoo_test werkzeug: 127.0.0.1 - - [22/Jun/2024 13:55:32] "POST /web/dataset/call_kw/my.demo/web_search_read HTTP/1.1" 200 - 2 0.001 0.003
2024-06-22 13:55:33,528 17356 INFO odoo_test werkzeug: 127.0.0.1 - - [22/Jun/2024 13:55:33] "POST /web/dataset/call_kw/my.demo/web_search_read HTTP/1.1" 200 - 2 0.001 0.003
2024-06-22 13:55:36,642 17356 INFO odoo_test werkzeug: 127.0.0.1 - - [22/Jun/2024 13:55:36] "POST /web/dataset/call_kw/my.demo/web_search_read HTTP/1.1" 200 - 2 0.001 0.005
2024-06-22 13:55:37,477 17356 INFO odoo_test werkzeug: 127.0.0.1 - - [22/Jun/2024 13:55:37] "POST /web/dataset/call_kw/my.demo/web_search_read HTTP/1.1" 200 - 2 0.004 0.010
2024-06-22 13:55:38,087 17356 INFO odoo_test werkzeug: 127.0.0.1 - - [22/Jun/2024 13:55:38] "POST /web/dataset/call_kw/my.demo/web_search_read HTTP/1.1" 200 - 2 0.001 0.002
2024-06-22 13:55:41,255 17356 INFO odoo_test werkzeug: 127.0.0.1 - - [22/Jun/2024 13:55:41] "POST /web/dataset/call_kw/my.demo/web_search_read HTTP/1.1" 200 - 2 0.002 0.005
2024-06-22 13:55:45,694 17356 INFO odoo_test werkzeug: 127.0.0.1 - - [22/Jun/2024 13:55:45] "POST /web/dataset/call_kw/my.demo/web_search_read HTTP/1.1" 200 - 2 0.000 0.003
2024-06-22 13:55:48,595 17356 INFO odoo_test werkzeug: 127.0.0.1 - - [22/Jun/2024 13:55:48] "POST /web/action/load HTTP/1.1" 200 - 9 0.002 0.006
2024-06-22 13:55:48,923 17356 INFO odoo_test werkzeug: 127.0.0.1 - - [22/Jun/2024 13:55:48] "POST /web/dataset/call_kw/ir.module.module/get_views HTTP/1.1" 200 - 41 0.067 0.022
2024-06-22 13:55:48,935 17356 INFO odoo_test werkzeug: 127.0.0.1 - - [22/Jun/2024 13:55:48] "POST /web/dataset/call_kw/ir.module.module/search_panel_select_range HTTP/1.1" 200 - 1 0.000 0.003
2024-06-22 13:55:49,265 17356 INFO odoo_test werkzeug: 127.0.0.1 - - [22/Jun/2024 13:55:49] "POST /web/dataset/call_kw/ir.module.module/search_panel_select_range HTTP/1.1" 200 - 40 0.014 0.013
2024-06-22 13:55:49,380 17356 INFO odoo_test werkzeug: 127.0.0.1 - - [22/Jun/2024 13:55:49] "POST /web/dataset/call_kw/ir.module.module/web_search_read HTTP/1.1" 200 - 4 0.006 0.136
2024-06-22 13:55:49,926 17356 INFO odoo_test werkzeug: 127.0.0.1 - - [22/Jun/2024 13:55:49] "GET /web_theme_classic/static/description/icon.png HTTP/1.1" 404 - 2 0.001 0.002
2024-06-22 13:55:50,910 17356 INFO odoo_test werkzeug: 127.0.0.1 - - [22/Jun/2024 13:55:50] "POST /web/dataset/call_kw/ir.module.module/search_panel_select_range HTTP/1.1" 200 - 38 0.011 0.012
2024-06-22 13:55:51,268 17356 INFO odoo_test werkzeug: 127.0.0.1 - - [22/Jun/2024 13:55:51] "POST /web/dataset/call_kw/ir.module.module/web_search_read HTTP/1.1" 200 - 4 0.005 0.062
2024-06-22 13:55:51,736 17356 INFO odoo_test werkzeug: 127.0.0.1 - - [22/Jun/2024 13:55:51] "GET /web_theme_classic/static/description/icon.png HTTP/1.1" 404 - 2 0.002 0.005
2024-06-22 13:55:51,737 17356 INFO odoo_test werkzeug: 127.0.0.1 - - [22/Jun/2024 13:55:51] "GET /web_responsive/static/description/icon.png HTTP/1.1" 404 - 2 0.002 0.006
2024-06-22 13:55:54,762 17356 INFO odoo_test werkzeug: 127.0.0.1 - - [22/Jun/2024 13:55:54] "POST /web/dataset/call_kw/ir.module.module/search_panel_select_range HTTP/1.1" 200 - 38 0.037 0.014
2024-06-22 13:55:55,121 17356 INFO odoo_test werkzeug: 127.0.0.1 - - [22/Jun/2024 13:55:55] "POST /web/dataset/call_kw/ir.module.module/web_search_read HTTP/1.1" 200 - 3 0.004 0.044
2024-06-22 13:56:01,252 17356 INFO odoo_test werkzeug: 127.0.0.1 - - [22/Jun/2024 13:56:01] "POST /web/dataset/call_button HTTP/1.1" 200 - 1 0.001 0.003
2024-06-22 13:56:01,585 17356 INFO odoo_test werkzeug: 127.0.0.1 - - [22/Jun/2024 13:56:01] "POST /web/dataset/call_kw/ir.module.module/get_views HTTP/1.1" 200 - 6 0.002 0.009
2024-06-22 13:56:01,855 17356 INFO odoo_test werkzeug: 127.0.0.1 - - [22/Jun/2024 13:56:01] "POST /web/dataset/call_kw/ir.module.module/web_read HTTP/1.1" 200 - 12 0.004 0.010
2024-06-22 13:56:01,974 17356 INFO odoo_test werkzeug: 127.0.0.1 - - [22/Jun/2024 13:56:01] "GET /web/bundle/web_editor.backend_assets_wysiwyg?lang=en_US&debug=1 HTTP/1.1" 200 - 7 0.002 0.070
2024-06-22 13:56:02,190 17356 INFO odoo_test werkzeug: 127.0.0.1 - - [22/Jun/2024 13:56:02] "GET /web/image?model=ir.module.module&id=593&field=icon_image&unique=1719064527000 HTTP/1.1" 200 - 3 0.000 0.007
2024-06-22 13:56:17,778 17356 INFO odoo_test werkzeug: 127.0.0.1 - - [22/Jun/2024 13:56:17] "POST /web/dataset/call_kw/my.demo/web_search_read HTTP/1.1" 200 - 2 0.002 0.003
2024-06-22 13:56:19,306 17356 INFO odoo_test werkzeug: 127.0.0.1 - - [22/Jun/2024 13:56:19] "POST /web/dataset/call_kw/my.demo/onchange HTTP/1.1" 200 - 2 0.002 0.002
2024-06-22 13:56:22,012 17356 INFO odoo_test werkzeug: 127.0.0.1 - - [22/Jun/2024 13:56:22] "POST /web/dataset/call_kw/my.demo/web_save HTTP/1.1" 200 - 4 0.003 0.003
2024-06-22 13:56:23,704 17356 INFO odoo_test werkzeug: 127.0.0.1 - - [22/Jun/2024 13:56:23] "POST /web/dataset/call_kw/my.demo/web_search_read HTTP/1.1" 200 - 2 0.002 0.005
2024-06-22 13:56:24,986 17356 INFO odoo_test werkzeug: 127.0.0.1 - - [22/Jun/2024 13:56:24] "POST /web/dataset/call_kw/my.demo/web_search_read HTTP/1.1" 200 - 2 0.001 0.002
2024-06-22 13:56:25,865 17356 INFO odoo_test werkzeug: 127.0.0.1 - - [22/Jun/2024 13:56:25] "POST /web/dataset/call_kw/my.demo/web_search_read HTTP/1.1" 200 - 2 0.002 0.002
2024-06-22 13:56:28,735 17356 INFO odoo_test werkzeug: 127.0.0.1 - - [22/Jun/2024 13:56:28] "POST /web/dataset/call_kw/my.demo/web_search_read HTTP/1.1" 200 - 2 0.002 0.002
2024-06-22 13:56:31,004 17356 INFO odoo_test werkzeug: 127.0.0.1 - - [22/Jun/2024 13:56:31] "POST /web/dataset/call_kw/ir.module.module/search_panel_select_range HTTP/1.1" 200 - 1 0.001 0.003
2024-06-22 13:56:31,030 17356 INFO odoo_test werkzeug: 127.0.0.1 - - [22/Jun/2024 13:56:31] "POST /web/dataset/call_kw/ir.module.module/search_panel_select_range HTTP/1.1" 200 - 38 0.017 0.013
2024-06-22 13:56:31,058 17356 INFO odoo_test werkzeug: 127.0.0.1 - - [22/Jun/2024 13:56:31] "POST /web/dataset/call_kw/ir.module.module/web_search_read HTTP/1.1" 200 - 3 0.001 0.058
2024-06-22 13:56:31,280 17356 INFO odoo_test werkzeug: 127.0.0.1 - - [22/Jun/2024 13:56:31] "GET /web_theme_classic/static/description/icon.png HTTP/1.1" 404 - 2 0.002 0.004
2024-06-22 13:56:32,184 17356 INFO odoo_test werkzeug: 127.0.0.1 - - [22/Jun/2024 13:56:32] "POST /web/dataset/call_kw/ir.module.module/search_panel_select_range HTTP/1.1" 200 - 38 0.020 0.018
2024-06-22 13:56:32,230 17356 INFO odoo_test werkzeug: 127.0.0.1 - - [22/Jun/2024 13:56:32] "POST /web/dataset/call_kw/ir.module.module/web_search_read HTTP/1.1" 200 - 4 0.009 0.074
2024-06-22 13:56:32,413 17356 INFO odoo_test werkzeug: 127.0.0.1 - - [22/Jun/2024 13:56:32] "GET /web_theme_classic/static/description/icon.png HTTP/1.1" 404 - 2 0.002 0.002
2024-06-22 13:56:32,716 17356 INFO odoo_test werkzeug: 127.0.0.1 - - [22/Jun/2024 13:56:32] "GET /web_responsive/static/description/icon.png HTTP/1.1" 404 - 2 0.002 0.004
2024-06-22 13:56:34,263 17356 INFO odoo_test werkzeug: 127.0.0.1 - - [22/Jun/2024 13:56:34] "POST /web/dataset/call_kw/ir.module.module/search_panel_select_range HTTP/1.1" 200 - 38 0.018 0.020
2024-06-22 13:56:34,622 17356 INFO odoo_test werkzeug: 127.0.0.1 - - [22/Jun/2024 13:56:34] "POST /web/dataset/call_kw/ir.module.module/web_search_read HTTP/1.1" 200 - 3 0.004 0.007
2024-06-22 13:56:36,854 17356 INFO odoo_test werkzeug: 127.0.0.1 - - [22/Jun/2024 13:56:36] "POST /web/dataset/call_button HTTP/1.1" 200 - 1 0.000 0.002
2024-06-22 13:56:37,198 17356 INFO odoo_test werkzeug: 127.0.0.1 - - [22/Jun/2024 13:56:37] "POST /web/dataset/call_kw/ir.module.module/web_read HTTP/1.1" 200 - 10 0.008 0.010
2024-06-22 13:58:12,867 17356 INFO odoo_test odoo.service.server: Initiating shutdown 
2024-06-22 13:58:12,867 17356 INFO odoo_test odoo.service.server: Hit CTRL-C again or send a second signal to force the shutdown. 
2024-06-22 13:58:13,888 17356 INFO odoo_test odoo.sql_db: ConnectionPool(used=0/count=0/max=64): Closed 6 connections  
